{"event": "hyperparameters_configured", "timestamp": 1769668048.8765044, "block_size": 128, "vocab_size": 24000, "n_layer": 8, "n_head": 9, "d_model": 576, "dropout": 0.0, "mlp_ratio": 5.0, "activation": "gelu", "residual_scaling": true, "batch_size": 128, "lr": 0.0003, "weight_decay": 0.1, "evals_per_epoch": 3, "batch_mode": "random", "optimizer": "adamw", "scheduler": "warmup_cosine", "warmup_fraction": 0.05, "attention_type": "sparse", "attn_intermediate_dim": 288, "local_attn_ctx": 32, "normalizer": "lowercase", "pre_tokenizer": "whitespace", "eos_handling": "tokenize_append", "min_frequency": 2, "domain_tokens": true, "epochs": 7, "seed": 1337, "num_titles": 100000, "val_frac": 0.1, "log_file": "./logs/exp-sparse-b128.log"}
{"event": "device_info", "timestamp": 1769668048.8940523, "device": "cuda"}
{"event": "dataset_info", "timestamp": 1769668058.9706528, "titles_count": 90000, "epochs": 7, "batches_per_epoch": 58, "tokens_per_epoch": 965379, "vocab_size": 24000}
{"event": "model_info", "timestamp": 1769668059.4903903, "parameters_count": 45806976}
{"event": "training_step", "timestamp": 1769668060.2322578, "step": 1, "max_steps": 406, "loss": 10.201311111450195, "elapsed_time": 0.3122377395629883, "prnt": false}
{"event": "validation_step", "timestamp": 1769668060.5846589, "step": 1, "max_steps": 406, "loss": 1.8797497286103726, "elapsed_time": 0.3122377395629883}
{"event": "training_step", "timestamp": 1769668060.7531502, "step": 2, "max_steps": 406, "loss": 10.19813346862793, "elapsed_time": 0.672710657119751, "prnt": false}
{"event": "training_step", "timestamp": 1769668060.9217372, "step": 3, "max_steps": 406, "loss": 9.869625091552734, "elapsed_time": 0.8407409191131592, "prnt": false}
{"event": "training_step", "timestamp": 1769668061.0896, "step": 4, "max_steps": 406, "loss": 9.474967002868652, "elapsed_time": 1.0091373920440674, "prnt": false}
{"event": "training_step", "timestamp": 1769668061.25773, "step": 5, "max_steps": 406, "loss": 9.240155220031738, "elapsed_time": 1.1771175861358643, "prnt": false}
{"event": "training_step", "timestamp": 1769668061.4256787, "step": 6, "max_steps": 406, "loss": 9.080657958984375, "elapsed_time": 1.345350980758667, "prnt": false}
{"event": "training_step", "timestamp": 1769668061.59355, "step": 7, "max_steps": 406, "loss": 9.022212982177734, "elapsed_time": 1.5132288932800293, "prnt": false}
{"event": "training_step", "timestamp": 1769668061.7618237, "step": 8, "max_steps": 406, "loss": 8.927360534667969, "elapsed_time": 1.6811468601226807, "prnt": false}
{"event": "training_step", "timestamp": 1769668061.9296393, "step": 9, "max_steps": 406, "loss": 8.8936767578125, "elapsed_time": 1.8499596118927002, "prnt": false}
{"event": "training_step", "timestamp": 1769668062.0972445, "step": 10, "max_steps": 406, "loss": 8.803900718688965, "elapsed_time": 2.0171337127685547, "prnt": false}
{"event": "training_step", "timestamp": 1769668062.2648892, "step": 11, "max_steps": 406, "loss": 8.7261962890625, "elapsed_time": 2.1848247051239014, "prnt": false}
{"event": "training_step", "timestamp": 1769668062.4328148, "step": 12, "max_steps": 406, "loss": 8.617107391357422, "elapsed_time": 2.3524506092071533, "prnt": false}
{"event": "training_step", "timestamp": 1769668062.6008525, "step": 13, "max_steps": 406, "loss": 8.535757064819336, "elapsed_time": 2.520265817642212, "prnt": false}
{"event": "training_step", "timestamp": 1769668062.7683966, "step": 14, "max_steps": 406, "loss": 8.428380966186523, "elapsed_time": 2.688549518585205, "prnt": false}
{"event": "training_step", "timestamp": 1769668062.9361084, "step": 15, "max_steps": 406, "loss": 8.325258255004883, "elapsed_time": 2.8558614253997803, "prnt": false}
{"event": "training_step", "timestamp": 1769668063.1049535, "step": 16, "max_steps": 406, "loss": 8.231475830078125, "elapsed_time": 3.0235276222229004, "prnt": false}
{"event": "training_step", "timestamp": 1769668063.2729914, "step": 17, "max_steps": 406, "loss": 8.138562202453613, "elapsed_time": 3.1925156116485596, "prnt": false}
{"event": "training_step", "timestamp": 1769668063.4412022, "step": 18, "max_steps": 406, "loss": 8.035768508911133, "elapsed_time": 3.3604111671447754, "prnt": false}
{"event": "training_step", "timestamp": 1769668063.6088908, "step": 19, "max_steps": 406, "loss": 7.900607585906982, "elapsed_time": 3.5287749767303467, "prnt": false}
{"event": "validation_step", "timestamp": 1769668063.9614973, "step": 19, "max_steps": 406, "loss": 1.4398740147478466, "elapsed_time": 3.5287749767303467}
{"event": "training_step", "timestamp": 1769668064.1294985, "step": 20, "max_steps": 406, "loss": 7.783097267150879, "elapsed_time": 4.049665927886963, "prnt": false}
{"event": "training_step", "timestamp": 1769668064.2979155, "step": 21, "max_steps": 406, "loss": 7.709519863128662, "elapsed_time": 4.217330455780029, "prnt": false}
{"event": "training_step", "timestamp": 1769668064.4657176, "step": 22, "max_steps": 406, "loss": 7.594967365264893, "elapsed_time": 4.385521411895752, "prnt": false}
{"event": "training_step", "timestamp": 1769668064.6338873, "step": 23, "max_steps": 406, "loss": 7.51047420501709, "elapsed_time": 4.5530993938446045, "prnt": false}
{"event": "training_step", "timestamp": 1769668064.8023658, "step": 24, "max_steps": 406, "loss": 7.421945095062256, "elapsed_time": 4.721543788909912, "prnt": false}
{"event": "training_step", "timestamp": 1769668064.9702404, "step": 25, "max_steps": 406, "loss": 7.389230728149414, "elapsed_time": 4.8898022174835205, "prnt": false}
{"event": "training_step", "timestamp": 1769668065.1384907, "step": 26, "max_steps": 406, "loss": 7.308836460113525, "elapsed_time": 5.057620286941528, "prnt": false}
{"event": "training_step", "timestamp": 1769668065.3062458, "step": 27, "max_steps": 406, "loss": 7.228607177734375, "elapsed_time": 5.226120233535767, "prnt": false}
{"event": "training_step", "timestamp": 1769668065.4742818, "step": 28, "max_steps": 406, "loss": 7.222200393676758, "elapsed_time": 5.3937318325042725, "prnt": false}
{"event": "training_step", "timestamp": 1769668065.6425107, "step": 29, "max_steps": 406, "loss": 7.166779041290283, "elapsed_time": 5.561725616455078, "prnt": false}
{"event": "training_step", "timestamp": 1769668065.810547, "step": 30, "max_steps": 406, "loss": 7.124370098114014, "elapsed_time": 5.730011463165283, "prnt": false}
{"event": "training_step", "timestamp": 1769668065.9791703, "step": 31, "max_steps": 406, "loss": 7.080807685852051, "elapsed_time": 5.898704290390015, "prnt": false}
{"event": "training_step", "timestamp": 1769668066.1475632, "step": 32, "max_steps": 406, "loss": 7.067925930023193, "elapsed_time": 6.066798210144043, "prnt": false}
{"event": "training_step", "timestamp": 1769668066.3164124, "step": 33, "max_steps": 406, "loss": 7.028782367706299, "elapsed_time": 6.23541522026062, "prnt": false}
{"event": "training_step", "timestamp": 1769668066.484764, "step": 34, "max_steps": 406, "loss": 7.066149711608887, "elapsed_time": 6.403990268707275, "prnt": false}
{"event": "training_step", "timestamp": 1769668066.6533802, "step": 35, "max_steps": 406, "loss": 7.016088962554932, "elapsed_time": 6.572293758392334, "prnt": false}
{"event": "training_step", "timestamp": 1769668066.822265, "step": 36, "max_steps": 406, "loss": 7.004396915435791, "elapsed_time": 6.740890741348267, "prnt": false}
{"event": "training_step", "timestamp": 1769668066.9907193, "step": 37, "max_steps": 406, "loss": 6.981196403503418, "elapsed_time": 6.909688234329224, "prnt": false}
{"event": "training_step", "timestamp": 1769668067.1595519, "step": 38, "max_steps": 406, "loss": 6.99301815032959, "elapsed_time": 7.078274726867676, "prnt": false}
{"event": "validation_step", "timestamp": 1769668067.5130646, "step": 38, "max_steps": 406, "loss": 1.2917864444865252, "elapsed_time": 7.078274726867676}
{"event": "training_step", "timestamp": 1769668067.6817803, "step": 39, "max_steps": 406, "loss": 6.995479583740234, "elapsed_time": 7.6006920337677, "prnt": false}
{"event": "training_step", "timestamp": 1769668067.8501847, "step": 40, "max_steps": 406, "loss": 7.0082855224609375, "elapsed_time": 7.769635200500488, "prnt": false}
{"event": "training_step", "timestamp": 1769668068.0188963, "step": 41, "max_steps": 406, "loss": 6.898766994476318, "elapsed_time": 7.938263416290283, "prnt": false}
{"event": "training_step", "timestamp": 1769668068.1871998, "step": 42, "max_steps": 406, "loss": 6.961492538452148, "elapsed_time": 8.106417655944824, "prnt": false}
{"event": "training_step", "timestamp": 1769668068.3563352, "step": 43, "max_steps": 406, "loss": 6.902300834655762, "elapsed_time": 8.274781942367554, "prnt": false}
{"event": "training_step", "timestamp": 1769668068.5246644, "step": 44, "max_steps": 406, "loss": 6.874034881591797, "elapsed_time": 8.443905353546143, "prnt": false}
{"event": "training_step", "timestamp": 1769668068.6935625, "step": 45, "max_steps": 406, "loss": 6.897393226623535, "elapsed_time": 8.612379312515259, "prnt": false}
{"event": "training_step", "timestamp": 1769668068.8624072, "step": 46, "max_steps": 406, "loss": 6.840002059936523, "elapsed_time": 8.781030178070068, "prnt": false}
{"event": "training_step", "timestamp": 1769668069.031154, "step": 47, "max_steps": 406, "loss": 6.846764087677002, "elapsed_time": 8.949894428253174, "prnt": false}
{"event": "training_step", "timestamp": 1769668069.200043, "step": 48, "max_steps": 406, "loss": 6.889373779296875, "elapsed_time": 9.11861801147461, "prnt": false}
{"event": "training_step", "timestamp": 1769668069.3685684, "step": 49, "max_steps": 406, "loss": 6.899397850036621, "elapsed_time": 9.287711143493652, "prnt": false}
{"event": "training_step", "timestamp": 1769668069.537436, "step": 50, "max_steps": 406, "loss": 6.828912734985352, "elapsed_time": 9.45598840713501, "prnt": false}
{"event": "training_step", "timestamp": 1769668069.7058828, "step": 51, "max_steps": 406, "loss": 6.81470251083374, "elapsed_time": 9.62522578239441, "prnt": false}
{"event": "training_step", "timestamp": 1769668069.8748374, "step": 52, "max_steps": 406, "loss": 6.76108980178833, "elapsed_time": 9.793484687805176, "prnt": false}
{"event": "training_step", "timestamp": 1769668070.043552, "step": 53, "max_steps": 406, "loss": 6.807096481323242, "elapsed_time": 9.962842464447021, "prnt": false}
{"event": "training_step", "timestamp": 1769668070.21226, "step": 54, "max_steps": 406, "loss": 6.814766883850098, "elapsed_time": 10.130962610244751, "prnt": false}
{"event": "training_step", "timestamp": 1769668070.381263, "step": 55, "max_steps": 406, "loss": 6.726924896240234, "elapsed_time": 10.299996614456177, "prnt": false}
{"event": "training_step", "timestamp": 1769668070.5499175, "step": 56, "max_steps": 406, "loss": 6.799973487854004, "elapsed_time": 10.468689203262329, "prnt": false}
{"event": "training_step", "timestamp": 1769668070.7189355, "step": 57, "max_steps": 406, "loss": 6.791330814361572, "elapsed_time": 10.637473583221436, "prnt": false}
{"event": "validation_step", "timestamp": 1769668071.0724294, "step": 57, "max_steps": 406, "loss": 1.2505661274340696, "elapsed_time": 10.637473583221436}
{"event": "training_step", "timestamp": 1769668071.240889, "step": 58, "max_steps": 406, "loss": 6.766924858093262, "elapsed_time": 11.160256385803223, "prnt": false}
{"event": "training_step", "timestamp": 1769668071.4101546, "step": 59, "max_steps": 406, "loss": 6.740808963775635, "elapsed_time": 11.328581094741821, "prnt": false}
{"event": "training_step", "timestamp": 1769668071.5794494, "step": 60, "max_steps": 406, "loss": 6.697325229644775, "elapsed_time": 11.497493028640747, "prnt": false}
{"event": "training_step", "timestamp": 1769668071.748419, "step": 61, "max_steps": 406, "loss": 6.7120041847229, "elapsed_time": 11.667150974273682, "prnt": false}
{"event": "training_step", "timestamp": 1769668071.9175966, "step": 62, "max_steps": 406, "loss": 6.639331817626953, "elapsed_time": 11.835951805114746, "prnt": false}
{"event": "training_step", "timestamp": 1769668072.086445, "step": 63, "max_steps": 406, "loss": 6.712368011474609, "elapsed_time": 12.0060875415802, "prnt": false}
{"event": "training_step", "timestamp": 1769668072.2556791, "step": 64, "max_steps": 406, "loss": 6.651761531829834, "elapsed_time": 12.174223899841309, "prnt": false}
{"event": "training_step", "timestamp": 1769668072.4243882, "step": 65, "max_steps": 406, "loss": 6.668277740478516, "elapsed_time": 12.343095541000366, "prnt": false}
{"event": "training_step", "timestamp": 1769668072.5934238, "step": 66, "max_steps": 406, "loss": 6.616733551025391, "elapsed_time": 12.511834621429443, "prnt": false}
{"event": "training_step", "timestamp": 1769668072.7622743, "step": 67, "max_steps": 406, "loss": 6.673009395599365, "elapsed_time": 12.680957555770874, "prnt": false}
{"event": "training_step", "timestamp": 1769668072.9311297, "step": 68, "max_steps": 406, "loss": 6.65629768371582, "elapsed_time": 12.849732398986816, "prnt": false}
{"event": "training_step", "timestamp": 1769668073.1002667, "step": 69, "max_steps": 406, "loss": 6.603960990905762, "elapsed_time": 13.018649101257324, "prnt": false}
{"event": "training_step", "timestamp": 1769668073.2687874, "step": 70, "max_steps": 406, "loss": 6.639442443847656, "elapsed_time": 13.187852144241333, "prnt": false}
{"event": "training_step", "timestamp": 1769668073.4374526, "step": 71, "max_steps": 406, "loss": 6.693023681640625, "elapsed_time": 13.356215715408325, "prnt": false}
{"event": "training_step", "timestamp": 1769668073.606053, "step": 72, "max_steps": 406, "loss": 6.637264251708984, "elapsed_time": 13.525050163269043, "prnt": false}
{"event": "training_step", "timestamp": 1769668073.7756233, "step": 73, "max_steps": 406, "loss": 6.570595741271973, "elapsed_time": 13.69405484199524, "prnt": false}
{"event": "training_step", "timestamp": 1769668073.944194, "step": 74, "max_steps": 406, "loss": 6.6107988357543945, "elapsed_time": 13.863373279571533, "prnt": false}
{"event": "training_step", "timestamp": 1769668074.1128511, "step": 75, "max_steps": 406, "loss": 6.597831726074219, "elapsed_time": 14.032076358795166, "prnt": false}
{"event": "training_step", "timestamp": 1769668074.2813778, "step": 76, "max_steps": 406, "loss": 6.5865373611450195, "elapsed_time": 14.200498819351196, "prnt": false}
{"event": "validation_step", "timestamp": 1769668074.635478, "step": 76, "max_steps": 406, "loss": 1.2254162860259183, "elapsed_time": 14.200498819351196}
{"event": "training_step", "timestamp": 1769668074.804544, "step": 77, "max_steps": 406, "loss": 6.566704273223877, "elapsed_time": 14.723362445831299, "prnt": false}
{"event": "training_step", "timestamp": 1769668074.9734027, "step": 78, "max_steps": 406, "loss": 6.554612159729004, "elapsed_time": 14.892290830612183, "prnt": false}
{"event": "training_step", "timestamp": 1769668075.142334, "step": 79, "max_steps": 406, "loss": 6.581363201141357, "elapsed_time": 15.060893058776855, "prnt": false}
{"event": "training_step", "timestamp": 1769668075.3114567, "step": 80, "max_steps": 406, "loss": 6.529505729675293, "elapsed_time": 15.230015993118286, "prnt": false}
{"event": "training_step", "timestamp": 1769668075.4807599, "step": 81, "max_steps": 406, "loss": 6.532163143157959, "elapsed_time": 15.398844003677368, "prnt": false}
{"event": "training_step", "timestamp": 1769668075.649874, "step": 82, "max_steps": 406, "loss": 6.517739295959473, "elapsed_time": 15.568175554275513, "prnt": false}
{"event": "training_step", "timestamp": 1769668075.8192847, "step": 83, "max_steps": 406, "loss": 6.508628845214844, "elapsed_time": 15.73726749420166, "prnt": false}
{"event": "training_step", "timestamp": 1769668075.9884243, "step": 84, "max_steps": 406, "loss": 6.4892706871032715, "elapsed_time": 15.90745496749878, "prnt": false}
{"event": "training_step", "timestamp": 1769668076.1578324, "step": 85, "max_steps": 406, "loss": 6.554178237915039, "elapsed_time": 16.075995206832886, "prnt": false}
{"event": "training_step", "timestamp": 1769668076.3268619, "step": 86, "max_steps": 406, "loss": 6.4489898681640625, "elapsed_time": 16.245429754257202, "prnt": false}
{"event": "training_step", "timestamp": 1769668076.4961846, "step": 87, "max_steps": 406, "loss": 6.5321221351623535, "elapsed_time": 16.414294004440308, "prnt": false}
{"event": "training_step", "timestamp": 1769668076.6649263, "step": 88, "max_steps": 406, "loss": 6.519918441772461, "elapsed_time": 16.583586931228638, "prnt": false}
{"event": "training_step", "timestamp": 1769668076.8342333, "step": 89, "max_steps": 406, "loss": 6.495913505554199, "elapsed_time": 16.75256896018982, "prnt": false}
{"event": "training_step", "timestamp": 1769668077.0027847, "step": 90, "max_steps": 406, "loss": 6.457769870758057, "elapsed_time": 16.921563148498535, "prnt": false}
{"event": "training_step", "timestamp": 1769668077.1722274, "step": 91, "max_steps": 406, "loss": 6.460386276245117, "elapsed_time": 17.090227127075195, "prnt": false}
{"event": "training_step", "timestamp": 1769668077.3409197, "step": 92, "max_steps": 406, "loss": 6.489920616149902, "elapsed_time": 17.259692668914795, "prnt": false}
{"event": "training_step", "timestamp": 1769668077.5101957, "step": 93, "max_steps": 406, "loss": 6.464026927947998, "elapsed_time": 17.428351402282715, "prnt": false}
{"event": "training_step", "timestamp": 1769668077.6794574, "step": 94, "max_steps": 406, "loss": 6.471581935882568, "elapsed_time": 17.59754991531372, "prnt": false}
{"event": "training_step", "timestamp": 1769668077.8487716, "step": 95, "max_steps": 406, "loss": 6.470746994018555, "elapsed_time": 17.767319679260254, "prnt": false}
{"event": "validation_step", "timestamp": 1769668078.2036364, "step": 95, "max_steps": 406, "loss": 1.2092821814663852, "elapsed_time": 17.767319679260254}
{"event": "training_step", "timestamp": 1769668078.373415, "step": 96, "max_steps": 406, "loss": 6.481420040130615, "elapsed_time": 18.291658878326416, "prnt": false}
{"event": "training_step", "timestamp": 1769668078.542495, "step": 97, "max_steps": 406, "loss": 6.408560276031494, "elapsed_time": 18.46100425720215, "prnt": false}
{"event": "training_step", "timestamp": 1769668078.7120566, "step": 98, "max_steps": 406, "loss": 6.495110988616943, "elapsed_time": 18.630173444747925, "prnt": false}
{"event": "training_step", "timestamp": 1769668078.8812604, "step": 99, "max_steps": 406, "loss": 6.436326503753662, "elapsed_time": 18.79961895942688, "prnt": false}
{"event": "training_step", "timestamp": 1769668079.050583, "step": 100, "max_steps": 406, "loss": 6.4051618576049805, "elapsed_time": 18.968656539916992, "prnt": false}
{"event": "training_step", "timestamp": 1769668079.2192583, "step": 101, "max_steps": 406, "loss": 6.440797805786133, "elapsed_time": 19.137953758239746, "prnt": false}
{"event": "training_step", "timestamp": 1769668079.387998, "step": 102, "max_steps": 406, "loss": 6.394019603729248, "elapsed_time": 19.30695104598999, "prnt": false}
{"event": "training_step", "timestamp": 1769668079.5574293, "step": 103, "max_steps": 406, "loss": 6.448493003845215, "elapsed_time": 19.47533416748047, "prnt": false}
{"event": "training_step", "timestamp": 1769668079.7265, "step": 104, "max_steps": 406, "loss": 6.484015941619873, "elapsed_time": 19.644986391067505, "prnt": false}
{"event": "training_step", "timestamp": 1769668079.895933, "step": 105, "max_steps": 406, "loss": 6.361722469329834, "elapsed_time": 19.813989877700806, "prnt": false}
{"event": "training_step", "timestamp": 1769668080.065279, "step": 106, "max_steps": 406, "loss": 6.382701396942139, "elapsed_time": 19.98396396636963, "prnt": false}
{"event": "training_step", "timestamp": 1769668080.2344766, "step": 107, "max_steps": 406, "loss": 6.401403427124023, "elapsed_time": 20.152740716934204, "prnt": false}
{"event": "training_step", "timestamp": 1769668080.4033992, "step": 108, "max_steps": 406, "loss": 6.3559417724609375, "elapsed_time": 20.321970224380493, "prnt": false}
{"event": "training_step", "timestamp": 1769668080.5731225, "step": 109, "max_steps": 406, "loss": 6.396688938140869, "elapsed_time": 20.490857362747192, "prnt": false}
{"event": "training_step", "timestamp": 1769668080.7421072, "step": 110, "max_steps": 406, "loss": 6.361815929412842, "elapsed_time": 20.660951852798462, "prnt": false}
{"event": "training_step", "timestamp": 1769668080.9117253, "step": 111, "max_steps": 406, "loss": 6.3803510665893555, "elapsed_time": 20.82949995994568, "prnt": false}
{"event": "training_step", "timestamp": 1769668081.080758, "step": 112, "max_steps": 406, "loss": 6.322202205657959, "elapsed_time": 20.999067068099976, "prnt": false}
{"event": "training_step", "timestamp": 1769668081.2503579, "step": 113, "max_steps": 406, "loss": 6.3814167976379395, "elapsed_time": 21.16830062866211, "prnt": false}
{"event": "training_step", "timestamp": 1769668081.4191873, "step": 114, "max_steps": 406, "loss": 6.3688740730285645, "elapsed_time": 21.33780837059021, "prnt": false}
{"event": "validation_step", "timestamp": 1769668081.7741203, "step": 114, "max_steps": 406, "loss": 1.1942607626610995, "elapsed_time": 21.33780837059021}
{"event": "training_step", "timestamp": 1769668081.94368, "step": 115, "max_steps": 406, "loss": 6.350379943847656, "elapsed_time": 21.862313747406006, "prnt": false}
{"event": "training_step", "timestamp": 1769668082.1128778, "step": 116, "max_steps": 406, "loss": 6.318642616271973, "elapsed_time": 22.031786680221558, "prnt": false}
{"event": "training_step", "timestamp": 1769668082.2822664, "step": 117, "max_steps": 406, "loss": 6.309023380279541, "elapsed_time": 22.200725555419922, "prnt": false}
{"event": "training_step", "timestamp": 1769668082.451857, "step": 118, "max_steps": 406, "loss": 6.318470478057861, "elapsed_time": 22.369630336761475, "prnt": false}
{"event": "training_step", "timestamp": 1769668082.6211002, "step": 119, "max_steps": 406, "loss": 6.342834949493408, "elapsed_time": 22.539145946502686, "prnt": false}
{"event": "training_step", "timestamp": 1769668082.7901168, "step": 120, "max_steps": 406, "loss": 6.32050085067749, "elapsed_time": 22.708765983581543, "prnt": false}
{"event": "training_step", "timestamp": 1769668082.9598362, "step": 121, "max_steps": 406, "loss": 6.357017517089844, "elapsed_time": 22.878336906433105, "prnt": false}
{"event": "training_step", "timestamp": 1769668083.1292996, "step": 122, "max_steps": 406, "loss": 6.285040378570557, "elapsed_time": 23.047348976135254, "prnt": false}
{"event": "training_step", "timestamp": 1769668083.298923, "step": 123, "max_steps": 406, "loss": 6.310783386230469, "elapsed_time": 23.21690273284912, "prnt": false}
{"event": "training_step", "timestamp": 1769668083.4683719, "step": 124, "max_steps": 406, "loss": 6.297116756439209, "elapsed_time": 23.386314153671265, "prnt": false}
{"event": "training_step", "timestamp": 1769668083.6375651, "step": 125, "max_steps": 406, "loss": 6.31820821762085, "elapsed_time": 23.555814027786255, "prnt": false}
{"event": "training_step", "timestamp": 1769668083.8070261, "step": 126, "max_steps": 406, "loss": 6.319911956787109, "elapsed_time": 23.725471258163452, "prnt": false}
{"event": "training_step", "timestamp": 1769668083.9767616, "step": 127, "max_steps": 406, "loss": 6.231764793395996, "elapsed_time": 23.894649744033813, "prnt": false}
{"event": "training_step", "timestamp": 1769668084.146232, "step": 128, "max_steps": 406, "loss": 6.337006092071533, "elapsed_time": 24.06484031677246, "prnt": false}
{"event": "training_step", "timestamp": 1769668084.3160145, "step": 129, "max_steps": 406, "loss": 6.302679538726807, "elapsed_time": 24.23392653465271, "prnt": false}
{"event": "training_step", "timestamp": 1769668084.4853468, "step": 130, "max_steps": 406, "loss": 6.271590709686279, "elapsed_time": 24.403462409973145, "prnt": false}
{"event": "training_step", "timestamp": 1769668084.6550233, "step": 131, "max_steps": 406, "loss": 6.298870086669922, "elapsed_time": 24.572800874710083, "prnt": false}
{"event": "training_step", "timestamp": 1769668084.824439, "step": 132, "max_steps": 406, "loss": 6.2490410804748535, "elapsed_time": 24.742748975753784, "prnt": false}
{"event": "training_step", "timestamp": 1769668084.9940155, "step": 133, "max_steps": 406, "loss": 6.243875503540039, "elapsed_time": 24.912057638168335, "prnt": false}
{"event": "validation_step", "timestamp": 1769668085.3492262, "step": 133, "max_steps": 406, "loss": 1.1829629097327163, "elapsed_time": 24.912057638168335}
{"event": "training_step", "timestamp": 1769668085.518344, "step": 134, "max_steps": 406, "loss": 6.269079685211182, "elapsed_time": 25.43708896636963, "prnt": false}
{"event": "training_step", "timestamp": 1769668085.6881542, "step": 135, "max_steps": 406, "loss": 6.251570224761963, "elapsed_time": 25.60571789741516, "prnt": false}
{"event": "training_step", "timestamp": 1769668085.8577502, "step": 136, "max_steps": 406, "loss": 6.186031341552734, "elapsed_time": 25.775777578353882, "prnt": false}
{"event": "training_step", "timestamp": 1769668086.0274105, "step": 137, "max_steps": 406, "loss": 6.204493522644043, "elapsed_time": 25.945120334625244, "prnt": false}
{"event": "training_step", "timestamp": 1769668086.1972878, "step": 138, "max_steps": 406, "loss": 6.258968830108643, "elapsed_time": 26.11566686630249, "prnt": false}
{"event": "training_step", "timestamp": 1769668086.3670695, "step": 139, "max_steps": 406, "loss": 6.220399379730225, "elapsed_time": 26.28483247756958, "prnt": false}
{"event": "training_step", "timestamp": 1769668086.536861, "step": 140, "max_steps": 406, "loss": 6.254027366638184, "elapsed_time": 26.454530477523804, "prnt": false}
{"event": "training_step", "timestamp": 1769668086.7065434, "step": 141, "max_steps": 406, "loss": 6.263453960418701, "elapsed_time": 26.624487161636353, "prnt": false}
{"event": "training_step", "timestamp": 1769668086.8763263, "step": 142, "max_steps": 406, "loss": 6.212192535400391, "elapsed_time": 26.79401922225952, "prnt": false}
{"event": "training_step", "timestamp": 1769668087.0456963, "step": 143, "max_steps": 406, "loss": 6.287115097045898, "elapsed_time": 26.963820219039917, "prnt": false}
{"event": "training_step", "timestamp": 1769668087.2155027, "step": 144, "max_steps": 406, "loss": 6.187078952789307, "elapsed_time": 27.133082151412964, "prnt": false}
{"event": "training_step", "timestamp": 1769668087.3852577, "step": 145, "max_steps": 406, "loss": 6.177097320556641, "elapsed_time": 27.303128004074097, "prnt": false}
{"event": "training_step", "timestamp": 1769668087.5543504, "step": 146, "max_steps": 406, "loss": 6.208002090454102, "elapsed_time": 27.473057508468628, "prnt": false}
{"event": "training_step", "timestamp": 1769668087.7236843, "step": 147, "max_steps": 406, "loss": 6.18157958984375, "elapsed_time": 27.641966104507446, "prnt": false}
{"event": "training_step", "timestamp": 1769668087.8933036, "step": 148, "max_steps": 406, "loss": 6.183517932891846, "elapsed_time": 27.81139302253723, "prnt": false}
{"event": "training_step", "timestamp": 1769668088.0622387, "step": 149, "max_steps": 406, "loss": 6.251051902770996, "elapsed_time": 27.980737924575806, "prnt": false}
{"event": "training_step", "timestamp": 1769668088.2322857, "step": 150, "max_steps": 406, "loss": 6.156894683837891, "elapsed_time": 28.150146961212158, "prnt": false}
{"event": "training_step", "timestamp": 1769668088.4018753, "step": 151, "max_steps": 406, "loss": 6.177319049835205, "elapsed_time": 28.319886922836304, "prnt": false}
{"event": "training_step", "timestamp": 1769668088.571892, "step": 152, "max_steps": 406, "loss": 6.203609466552734, "elapsed_time": 28.48935842514038, "prnt": false}
{"event": "validation_step", "timestamp": 1769668088.926708, "step": 152, "max_steps": 406, "loss": 1.1744242139778314, "elapsed_time": 28.48935842514038}
{"event": "training_step", "timestamp": 1769668089.0969374, "step": 153, "max_steps": 406, "loss": 6.155988693237305, "elapsed_time": 29.014658451080322, "prnt": false}
{"event": "training_step", "timestamp": 1769668089.2666962, "step": 154, "max_steps": 406, "loss": 6.14901065826416, "elapsed_time": 29.184682369232178, "prnt": false}
{"event": "training_step", "timestamp": 1769668089.43643, "step": 155, "max_steps": 406, "loss": 6.20750617980957, "elapsed_time": 29.354005575180054, "prnt": false}
{"event": "training_step", "timestamp": 1769668089.6061478, "step": 156, "max_steps": 406, "loss": 6.192652702331543, "elapsed_time": 29.523842096328735, "prnt": false}
{"event": "training_step", "timestamp": 1769668089.7760777, "step": 157, "max_steps": 406, "loss": 6.151259422302246, "elapsed_time": 29.69403386116028, "prnt": false}
{"event": "training_step", "timestamp": 1769668089.9458516, "step": 158, "max_steps": 406, "loss": 6.164529323577881, "elapsed_time": 29.863853931427002, "prnt": false}
{"event": "training_step", "timestamp": 1769668090.115944, "step": 159, "max_steps": 406, "loss": 6.167995452880859, "elapsed_time": 30.034207582473755, "prnt": false}
{"event": "training_step", "timestamp": 1769668090.2856572, "step": 160, "max_steps": 406, "loss": 6.122443199157715, "elapsed_time": 30.203675746917725, "prnt": false}
{"event": "training_step", "timestamp": 1769668090.4555311, "step": 161, "max_steps": 406, "loss": 6.1690850257873535, "elapsed_time": 30.37315034866333, "prnt": false}
{"event": "training_step", "timestamp": 1769668090.625306, "step": 162, "max_steps": 406, "loss": 6.1756792068481445, "elapsed_time": 30.54298162460327, "prnt": false}
{"event": "training_step", "timestamp": 1769668090.7951498, "step": 163, "max_steps": 406, "loss": 6.121012210845947, "elapsed_time": 30.712908506393433, "prnt": false}
{"event": "training_step", "timestamp": 1769668090.9648106, "step": 164, "max_steps": 406, "loss": 6.157413959503174, "elapsed_time": 30.882451057434082, "prnt": false}
{"event": "training_step", "timestamp": 1769668091.1346009, "step": 165, "max_steps": 406, "loss": 6.093136310577393, "elapsed_time": 31.05218768119812, "prnt": false}
{"event": "training_step", "timestamp": 1769668091.3043566, "step": 166, "max_steps": 406, "loss": 6.12701940536499, "elapsed_time": 31.22213864326477, "prnt": false}
{"event": "training_step", "timestamp": 1769668091.474202, "step": 167, "max_steps": 406, "loss": 6.141488075256348, "elapsed_time": 31.39168620109558, "prnt": false}
{"event": "training_step", "timestamp": 1769668091.6436005, "step": 168, "max_steps": 406, "loss": 6.158510208129883, "elapsed_time": 31.561505794525146, "prnt": false}
{"event": "training_step", "timestamp": 1769668091.813538, "step": 169, "max_steps": 406, "loss": 6.115990161895752, "elapsed_time": 31.731269121170044, "prnt": false}
{"event": "training_step", "timestamp": 1769668091.983146, "step": 170, "max_steps": 406, "loss": 6.11794376373291, "elapsed_time": 31.90117311477661, "prnt": false}
{"event": "training_step", "timestamp": 1769668092.1532311, "step": 171, "max_steps": 406, "loss": 6.0346221923828125, "elapsed_time": 32.071250438690186, "prnt": false}
{"event": "validation_step", "timestamp": 1769668092.5087614, "step": 171, "max_steps": 406, "loss": 1.165748666253567, "elapsed_time": 32.071250438690186}
{"event": "training_step", "timestamp": 1769668092.6785583, "step": 172, "max_steps": 406, "loss": 6.038241386413574, "elapsed_time": 32.59689235687256, "prnt": false}
{"event": "training_step", "timestamp": 1769668092.8487797, "step": 173, "max_steps": 406, "loss": 6.156623363494873, "elapsed_time": 32.767189025878906, "prnt": false}
{"event": "training_step", "timestamp": 1769668093.0187228, "step": 174, "max_steps": 406, "loss": 6.0170769691467285, "elapsed_time": 32.93771290779114, "prnt": false}
{"event": "training_step", "timestamp": 1769668093.1893444, "step": 175, "max_steps": 406, "loss": 6.081924915313721, "elapsed_time": 33.107582569122314, "prnt": false}
{"event": "training_step", "timestamp": 1769668093.3602931, "step": 176, "max_steps": 406, "loss": 6.084862232208252, "elapsed_time": 33.28181338310242, "prnt": false}
{"event": "training_step", "timestamp": 1769668093.5305696, "step": 177, "max_steps": 406, "loss": 6.133187294006348, "elapsed_time": 33.448686361312866, "prnt": false}
{"event": "training_step", "timestamp": 1769668093.7003193, "step": 178, "max_steps": 406, "loss": 6.102906703948975, "elapsed_time": 33.618943214416504, "prnt": false}
{"event": "training_step", "timestamp": 1769668093.870752, "step": 179, "max_steps": 406, "loss": 6.070702075958252, "elapsed_time": 33.788822889328, "prnt": false}
{"event": "training_step", "timestamp": 1769668094.0404313, "step": 180, "max_steps": 406, "loss": 6.074853420257568, "elapsed_time": 33.9593551158905, "prnt": false}
{"event": "training_step", "timestamp": 1769668094.2101886, "step": 181, "max_steps": 406, "loss": 6.0842437744140625, "elapsed_time": 34.12877416610718, "prnt": false}
{"event": "training_step", "timestamp": 1769668094.3800845, "step": 182, "max_steps": 406, "loss": 6.105761528015137, "elapsed_time": 34.29864001274109, "prnt": false}
{"event": "training_step", "timestamp": 1769668094.5503623, "step": 183, "max_steps": 406, "loss": 6.032850742340088, "elapsed_time": 34.46846318244934, "prnt": false}
{"event": "training_step", "timestamp": 1769668094.720202, "step": 184, "max_steps": 406, "loss": 6.069467067718506, "elapsed_time": 34.63873314857483, "prnt": false}
{"event": "training_step", "timestamp": 1769668094.8905244, "step": 185, "max_steps": 406, "loss": 6.04090690612793, "elapsed_time": 34.80856943130493, "prnt": false}
{"event": "training_step", "timestamp": 1769668095.0601332, "step": 186, "max_steps": 406, "loss": 6.041179180145264, "elapsed_time": 34.9792206287384, "prnt": false}
{"event": "training_step", "timestamp": 1769668095.2303762, "step": 187, "max_steps": 406, "loss": 6.060190677642822, "elapsed_time": 35.14840316772461, "prnt": false}
{"event": "training_step", "timestamp": 1769668095.4001288, "step": 188, "max_steps": 406, "loss": 6.050447940826416, "elapsed_time": 35.3187620639801, "prnt": false}
{"event": "training_step", "timestamp": 1769668095.5703387, "step": 189, "max_steps": 406, "loss": 6.005021095275879, "elapsed_time": 35.48841905593872, "prnt": false}
{"event": "training_step", "timestamp": 1769668095.7410083, "step": 190, "max_steps": 406, "loss": 6.000149250030518, "elapsed_time": 35.66189932823181, "prnt": false}
{"event": "validation_step", "timestamp": 1769668096.0968657, "step": 190, "max_steps": 406, "loss": 1.159368417395372, "elapsed_time": 35.66189932823181}
{"event": "training_step", "timestamp": 1769668096.267249, "step": 191, "max_steps": 406, "loss": 6.08155632019043, "elapsed_time": 36.18490409851074, "prnt": false}
{"event": "training_step", "timestamp": 1769668096.4367676, "step": 192, "max_steps": 406, "loss": 6.026960849761963, "elapsed_time": 36.35457706451416, "prnt": false}
{"event": "training_step", "timestamp": 1769668096.6069582, "step": 193, "max_steps": 406, "loss": 5.987491607666016, "elapsed_time": 36.52496910095215, "prnt": false}
{"event": "training_step", "timestamp": 1769668096.7768471, "step": 194, "max_steps": 406, "loss": 6.043795108795166, "elapsed_time": 36.695281982421875, "prnt": false}
{"event": "training_step", "timestamp": 1769668096.9469259, "step": 195, "max_steps": 406, "loss": 6.023718357086182, "elapsed_time": 36.86457705497742, "prnt": false}
{"event": "training_step", "timestamp": 1769668097.11671, "step": 196, "max_steps": 406, "loss": 6.031002044677734, "elapsed_time": 37.03446578979492, "prnt": false}
{"event": "training_step", "timestamp": 1769668097.2864962, "step": 197, "max_steps": 406, "loss": 5.999329090118408, "elapsed_time": 37.20473670959473, "prnt": false}
{"event": "training_step", "timestamp": 1769668097.456559, "step": 198, "max_steps": 406, "loss": 6.00497579574585, "elapsed_time": 37.37492609024048, "prnt": false}
{"event": "training_step", "timestamp": 1769668097.626675, "step": 199, "max_steps": 406, "loss": 6.003826141357422, "elapsed_time": 37.545008420944214, "prnt": false}
{"event": "training_step", "timestamp": 1769668097.7965596, "step": 200, "max_steps": 406, "loss": 6.033778667449951, "elapsed_time": 37.71479153633118, "prnt": false}
{"event": "training_step", "timestamp": 1769668097.9665174, "step": 201, "max_steps": 406, "loss": 5.964480876922607, "elapsed_time": 37.88409113883972, "prnt": false}
{"event": "training_step", "timestamp": 1769668098.135843, "step": 202, "max_steps": 406, "loss": 6.017887592315674, "elapsed_time": 38.05369567871094, "prnt": false}
{"event": "training_step", "timestamp": 1769668098.3058624, "step": 203, "max_steps": 406, "loss": 5.993226528167725, "elapsed_time": 38.22371506690979, "prnt": false}
{"event": "training_step", "timestamp": 1769668098.4754243, "step": 204, "max_steps": 406, "loss": 6.005300998687744, "elapsed_time": 38.39321422576904, "prnt": false}
{"event": "training_step", "timestamp": 1769668098.6452987, "step": 205, "max_steps": 406, "loss": 5.952545166015625, "elapsed_time": 38.56256985664368, "prnt": false}
{"event": "training_step", "timestamp": 1769668098.8151076, "step": 206, "max_steps": 406, "loss": 6.0039143562316895, "elapsed_time": 38.73292946815491, "prnt": false}
{"event": "training_step", "timestamp": 1769668098.9848888, "step": 207, "max_steps": 406, "loss": 5.981389045715332, "elapsed_time": 38.902281522750854, "prnt": false}
{"event": "training_step", "timestamp": 1769668099.1548383, "step": 208, "max_steps": 406, "loss": 5.9782209396362305, "elapsed_time": 39.072057008743286, "prnt": false}
{"event": "training_step", "timestamp": 1769668099.324439, "step": 209, "max_steps": 406, "loss": 5.9403815269470215, "elapsed_time": 39.24208188056946, "prnt": false}
{"event": "validation_step", "timestamp": 1769668099.6798468, "step": 209, "max_steps": 406, "loss": 1.1536475861556605, "elapsed_time": 39.24208188056946}
{"event": "training_step", "timestamp": 1769668099.850471, "step": 210, "max_steps": 406, "loss": 6.003511428833008, "elapsed_time": 39.76730537414551, "prnt": false}
{"event": "training_step", "timestamp": 1769668100.0202658, "step": 211, "max_steps": 406, "loss": 5.952976226806641, "elapsed_time": 39.93782162666321, "prnt": false}
{"event": "training_step", "timestamp": 1769668100.1903343, "step": 212, "max_steps": 406, "loss": 5.9706621170043945, "elapsed_time": 40.10744023323059, "prnt": false}
{"event": "training_step", "timestamp": 1769668100.3602393, "step": 213, "max_steps": 406, "loss": 6.0038299560546875, "elapsed_time": 40.27834224700928, "prnt": false}
{"event": "training_step", "timestamp": 1769668100.5302107, "step": 214, "max_steps": 406, "loss": 5.953943729400635, "elapsed_time": 40.44750189781189, "prnt": false}
{"event": "training_step", "timestamp": 1769668100.699862, "step": 215, "max_steps": 406, "loss": 6.0022501945495605, "elapsed_time": 40.61748504638672, "prnt": false}
{"event": "training_step", "timestamp": 1769668100.869739, "step": 216, "max_steps": 406, "loss": 5.974523544311523, "elapsed_time": 40.787070989608765, "prnt": false}
{"event": "training_step", "timestamp": 1769668101.039254, "step": 217, "max_steps": 406, "loss": 6.019221305847168, "elapsed_time": 40.95720171928406, "prnt": false}
{"event": "training_step", "timestamp": 1769668101.2088382, "step": 218, "max_steps": 406, "loss": 5.9540557861328125, "elapsed_time": 41.126569986343384, "prnt": false}
{"event": "training_step", "timestamp": 1769668101.3783045, "step": 219, "max_steps": 406, "loss": 5.998056411743164, "elapsed_time": 41.29612112045288, "prnt": false}
{"event": "training_step", "timestamp": 1769668101.5483582, "step": 220, "max_steps": 406, "loss": 5.954299449920654, "elapsed_time": 41.46558117866516, "prnt": false}
{"event": "training_step", "timestamp": 1769668101.7178724, "step": 221, "max_steps": 406, "loss": 5.974598407745361, "elapsed_time": 41.63569211959839, "prnt": false}
{"event": "training_step", "timestamp": 1769668101.887915, "step": 222, "max_steps": 406, "loss": 5.914348125457764, "elapsed_time": 41.80506181716919, "prnt": false}
{"event": "training_step", "timestamp": 1769668102.0575135, "step": 223, "max_steps": 406, "loss": 5.925549507141113, "elapsed_time": 41.97522830963135, "prnt": false}
{"event": "training_step", "timestamp": 1769668102.2276993, "step": 224, "max_steps": 406, "loss": 5.963207244873047, "elapsed_time": 42.14526605606079, "prnt": false}
{"event": "training_step", "timestamp": 1769668102.3973448, "step": 225, "max_steps": 406, "loss": 5.905817985534668, "elapsed_time": 42.31513857841492, "prnt": false}
{"event": "training_step", "timestamp": 1769668102.5675192, "step": 226, "max_steps": 406, "loss": 5.842013359069824, "elapsed_time": 42.48452138900757, "prnt": false}
{"event": "training_step", "timestamp": 1769668102.7370744, "step": 227, "max_steps": 406, "loss": 5.898976802825928, "elapsed_time": 42.65486717224121, "prnt": false}
{"event": "training_step", "timestamp": 1769668102.907212, "step": 228, "max_steps": 406, "loss": 5.970548629760742, "elapsed_time": 42.824766397476196, "prnt": false}
{"event": "validation_step", "timestamp": 1769668103.2630317, "step": 228, "max_steps": 406, "loss": 1.1490706692261974, "elapsed_time": 42.824766397476196}
{"event": "training_step", "timestamp": 1769668103.4330359, "step": 229, "max_steps": 406, "loss": 5.87750244140625, "elapsed_time": 43.35106015205383, "prnt": false}
{"event": "training_step", "timestamp": 1769668103.6029146, "step": 230, "max_steps": 406, "loss": 5.946866512298584, "elapsed_time": 43.52022647857666, "prnt": false}
{"event": "training_step", "timestamp": 1769668103.7728908, "step": 231, "max_steps": 406, "loss": 5.90072774887085, "elapsed_time": 43.690608501434326, "prnt": false}
{"event": "training_step", "timestamp": 1769668103.942735, "step": 232, "max_steps": 406, "loss": 5.920199871063232, "elapsed_time": 43.86018180847168, "prnt": false}
{"event": "training_step", "timestamp": 1769668104.1127021, "step": 233, "max_steps": 406, "loss": 5.932892799377441, "elapsed_time": 44.0300350189209, "prnt": false}
{"event": "training_step", "timestamp": 1769668104.28261, "step": 234, "max_steps": 406, "loss": 5.947479724884033, "elapsed_time": 44.200700521469116, "prnt": false}
{"event": "training_step", "timestamp": 1769668104.4524913, "step": 235, "max_steps": 406, "loss": 5.906008243560791, "elapsed_time": 44.37011408805847, "prnt": false}
{"event": "training_step", "timestamp": 1769668104.6222994, "step": 236, "max_steps": 406, "loss": 5.919455051422119, "elapsed_time": 44.539735317230225, "prnt": false}
{"event": "training_step", "timestamp": 1769668104.7922566, "step": 237, "max_steps": 406, "loss": 5.9075846672058105, "elapsed_time": 44.70965075492859, "prnt": false}
{"event": "training_step", "timestamp": 1769668104.961997, "step": 238, "max_steps": 406, "loss": 5.905386924743652, "elapsed_time": 44.87942910194397, "prnt": false}
{"event": "training_step", "timestamp": 1769668105.1317232, "step": 239, "max_steps": 406, "loss": 5.9236674308776855, "elapsed_time": 45.04915642738342, "prnt": false}
{"event": "training_step", "timestamp": 1769668105.301647, "step": 240, "max_steps": 406, "loss": 5.850780963897705, "elapsed_time": 45.21898865699768, "prnt": false}
{"event": "training_step", "timestamp": 1769668105.4716215, "step": 241, "max_steps": 406, "loss": 5.8673095703125, "elapsed_time": 45.38881206512451, "prnt": false}
{"event": "training_step", "timestamp": 1769668105.641388, "step": 242, "max_steps": 406, "loss": 5.891473770141602, "elapsed_time": 45.558894872665405, "prnt": false}
{"event": "training_step", "timestamp": 1769668105.8113291, "step": 243, "max_steps": 406, "loss": 5.918707370758057, "elapsed_time": 45.7286491394043, "prnt": false}
{"event": "training_step", "timestamp": 1769668105.981144, "step": 244, "max_steps": 406, "loss": 5.921815395355225, "elapsed_time": 45.89851951599121, "prnt": false}
{"event": "training_step", "timestamp": 1769668106.151182, "step": 245, "max_steps": 406, "loss": 5.831596374511719, "elapsed_time": 46.06827926635742, "prnt": false}
{"event": "training_step", "timestamp": 1769668106.3214715, "step": 246, "max_steps": 406, "loss": 5.883579254150391, "elapsed_time": 46.23922300338745, "prnt": false}
{"event": "training_step", "timestamp": 1769668106.4916427, "step": 247, "max_steps": 406, "loss": 5.867792129516602, "elapsed_time": 46.408695936203, "prnt": false}
{"event": "validation_step", "timestamp": 1769668106.8479524, "step": 247, "max_steps": 406, "loss": 1.144183253736646, "elapsed_time": 46.408695936203}
{"event": "training_step", "timestamp": 1769668107.0178945, "step": 248, "max_steps": 406, "loss": 5.916278839111328, "elapsed_time": 46.935324907302856, "prnt": false}
{"event": "training_step", "timestamp": 1769668107.1879656, "step": 249, "max_steps": 406, "loss": 5.866267681121826, "elapsed_time": 47.10521602630615, "prnt": false}
{"event": "training_step", "timestamp": 1769668107.3574786, "step": 250, "max_steps": 406, "loss": 5.879492282867432, "elapsed_time": 47.27529573440552, "prnt": false}
{"event": "training_step", "timestamp": 1769668107.5272422, "step": 251, "max_steps": 406, "loss": 5.893725872039795, "elapsed_time": 47.44464874267578, "prnt": false}
{"event": "training_step", "timestamp": 1769668107.6968272, "step": 252, "max_steps": 406, "loss": 5.8916120529174805, "elapsed_time": 47.614527225494385, "prnt": false}
{"event": "training_step", "timestamp": 1769668107.8671546, "step": 253, "max_steps": 406, "loss": 5.907829761505127, "elapsed_time": 47.7842652797699, "prnt": false}
{"event": "training_step", "timestamp": 1769668108.0367327, "step": 254, "max_steps": 406, "loss": 5.8491997718811035, "elapsed_time": 47.954442262649536, "prnt": false}
{"event": "training_step", "timestamp": 1769668108.206902, "step": 255, "max_steps": 406, "loss": 5.900412559509277, "elapsed_time": 48.12406587600708, "prnt": false}
{"event": "training_step", "timestamp": 1769668108.3765552, "step": 256, "max_steps": 406, "loss": 5.870280742645264, "elapsed_time": 48.294827461242676, "prnt": false}
{"event": "training_step", "timestamp": 1769668108.5467272, "step": 257, "max_steps": 406, "loss": 5.844286918640137, "elapsed_time": 48.463820457458496, "prnt": false}
{"event": "training_step", "timestamp": 1769668108.7164276, "step": 258, "max_steps": 406, "loss": 5.871115207672119, "elapsed_time": 48.63441276550293, "prnt": false}
{"event": "training_step", "timestamp": 1769668108.8865936, "step": 259, "max_steps": 406, "loss": 5.834663391113281, "elapsed_time": 48.804253816604614, "prnt": false}
{"event": "training_step", "timestamp": 1769668109.0561721, "step": 260, "max_steps": 406, "loss": 5.843953609466553, "elapsed_time": 48.97399926185608, "prnt": false}
{"event": "training_step", "timestamp": 1769668109.2263114, "step": 261, "max_steps": 406, "loss": 5.852828025817871, "elapsed_time": 49.1435170173645, "prnt": false}
{"event": "training_step", "timestamp": 1769668109.3960786, "step": 262, "max_steps": 406, "loss": 5.821811676025391, "elapsed_time": 49.313833713531494, "prnt": false}
{"event": "training_step", "timestamp": 1769668109.566387, "step": 263, "max_steps": 406, "loss": 5.844848155975342, "elapsed_time": 49.483551025390625, "prnt": false}
{"event": "training_step", "timestamp": 1769668109.7359977, "step": 264, "max_steps": 406, "loss": 5.867639541625977, "elapsed_time": 49.653889894485474, "prnt": false}
{"event": "training_step", "timestamp": 1769668109.905498, "step": 265, "max_steps": 406, "loss": 5.84768009185791, "elapsed_time": 49.82347273826599, "prnt": false}
{"event": "training_step", "timestamp": 1769668110.0749729, "step": 266, "max_steps": 406, "loss": 5.853358745574951, "elapsed_time": 49.992862939834595, "prnt": false}
{"event": "validation_step", "timestamp": 1769668110.4312952, "step": 266, "max_steps": 406, "loss": 1.1405373051759955, "elapsed_time": 49.992862939834595}
{"event": "training_step", "timestamp": 1769668110.6020036, "step": 267, "max_steps": 406, "loss": 5.825925827026367, "elapsed_time": 50.519400119781494, "prnt": false}
{"event": "training_step", "timestamp": 1769668110.7717986, "step": 268, "max_steps": 406, "loss": 5.848985195159912, "elapsed_time": 50.68992590904236, "prnt": false}
{"event": "training_step", "timestamp": 1769668110.9418797, "step": 269, "max_steps": 406, "loss": 5.807605743408203, "elapsed_time": 50.85925602912903, "prnt": false}
{"event": "training_step", "timestamp": 1769668111.1120703, "step": 270, "max_steps": 406, "loss": 5.803779125213623, "elapsed_time": 51.02940082550049, "prnt": false}
{"event": "training_step", "timestamp": 1769668111.2819648, "step": 271, "max_steps": 406, "loss": 5.832159519195557, "elapsed_time": 51.19971013069153, "prnt": false}
{"event": "training_step", "timestamp": 1769668111.4518702, "step": 272, "max_steps": 406, "loss": 5.8299970626831055, "elapsed_time": 51.369659185409546, "prnt": false}
{"event": "training_step", "timestamp": 1769668111.6223032, "step": 273, "max_steps": 406, "loss": 5.838719367980957, "elapsed_time": 51.53937125205994, "prnt": false}
{"event": "training_step", "timestamp": 1769668111.7921422, "step": 274, "max_steps": 406, "loss": 5.833322048187256, "elapsed_time": 51.7112340927124, "prnt": false}
{"event": "training_step", "timestamp": 1769668111.962542, "step": 275, "max_steps": 406, "loss": 5.856569766998291, "elapsed_time": 51.879868268966675, "prnt": false}
{"event": "training_step", "timestamp": 1769668112.1322055, "step": 276, "max_steps": 406, "loss": 5.810271739959717, "elapsed_time": 52.05000615119934, "prnt": false}
{"event": "training_step", "timestamp": 1769668112.3030763, "step": 277, "max_steps": 406, "loss": 5.820158004760742, "elapsed_time": 52.21961450576782, "prnt": false}
{"event": "training_step", "timestamp": 1769668112.4731014, "step": 278, "max_steps": 406, "loss": 5.892768383026123, "elapsed_time": 52.391030073165894, "prnt": false}
{"event": "training_step", "timestamp": 1769668112.643344, "step": 279, "max_steps": 406, "loss": 5.8347978591918945, "elapsed_time": 52.5607693195343, "prnt": false}
{"event": "training_step", "timestamp": 1769668112.813094, "step": 280, "max_steps": 406, "loss": 5.765047073364258, "elapsed_time": 52.73108124732971, "prnt": false}
{"event": "training_step", "timestamp": 1769668112.9829588, "step": 281, "max_steps": 406, "loss": 5.845165729522705, "elapsed_time": 52.90041136741638, "prnt": false}
{"event": "training_step", "timestamp": 1769668113.1525934, "step": 282, "max_steps": 406, "loss": 5.8325090408325195, "elapsed_time": 53.07044506072998, "prnt": false}
{"event": "training_step", "timestamp": 1769668113.3224442, "step": 283, "max_steps": 406, "loss": 5.817591190338135, "elapsed_time": 53.2400963306427, "prnt": false}
{"event": "training_step", "timestamp": 1769668113.4921956, "step": 284, "max_steps": 406, "loss": 5.7976555824279785, "elapsed_time": 53.40982246398926, "prnt": false}
{"event": "training_step", "timestamp": 1769668113.6621788, "step": 285, "max_steps": 406, "loss": 5.769397735595703, "elapsed_time": 53.579521894454956, "prnt": false}
{"event": "validation_step", "timestamp": 1769668114.0180078, "step": 285, "max_steps": 406, "loss": 1.1373997287978612, "elapsed_time": 53.579521894454956}
{"event": "training_step", "timestamp": 1769668114.188623, "step": 286, "max_steps": 406, "loss": 5.817745685577393, "elapsed_time": 54.10584998130798, "prnt": false}
{"event": "training_step", "timestamp": 1769668114.3590083, "step": 287, "max_steps": 406, "loss": 5.8082051277160645, "elapsed_time": 54.27669668197632, "prnt": false}
{"event": "training_step", "timestamp": 1769668114.5295408, "step": 288, "max_steps": 406, "loss": 5.816341400146484, "elapsed_time": 54.44652247428894, "prnt": false}
{"event": "training_step", "timestamp": 1769668114.6998105, "step": 289, "max_steps": 406, "loss": 5.789032459259033, "elapsed_time": 54.616934061050415, "prnt": false}
{"event": "training_step", "timestamp": 1769668114.8696978, "step": 290, "max_steps": 406, "loss": 5.789869785308838, "elapsed_time": 54.7872793674469, "prnt": false}
{"event": "training_step", "timestamp": 1769668115.0399427, "step": 291, "max_steps": 406, "loss": 5.757665634155273, "elapsed_time": 54.95719504356384, "prnt": false}
{"event": "training_step", "timestamp": 1769668115.2095084, "step": 292, "max_steps": 406, "loss": 5.809929370880127, "elapsed_time": 55.12735891342163, "prnt": false}
{"event": "training_step", "timestamp": 1769668115.3797388, "step": 293, "max_steps": 406, "loss": 5.789841175079346, "elapsed_time": 55.29711413383484, "prnt": false}
{"event": "training_step", "timestamp": 1769668115.5492816, "step": 294, "max_steps": 406, "loss": 5.795004844665527, "elapsed_time": 55.46721005439758, "prnt": false}
{"event": "training_step", "timestamp": 1769668115.719357, "step": 295, "max_steps": 406, "loss": 5.789699554443359, "elapsed_time": 55.636815547943115, "prnt": false}
{"event": "training_step", "timestamp": 1769668115.8886673, "step": 296, "max_steps": 406, "loss": 5.801057815551758, "elapsed_time": 55.806894302368164, "prnt": false}
{"event": "training_step", "timestamp": 1769668116.0586395, "step": 297, "max_steps": 406, "loss": 5.809887409210205, "elapsed_time": 55.976097106933594, "prnt": false}
{"event": "training_step", "timestamp": 1769668116.2286813, "step": 298, "max_steps": 406, "loss": 5.811168670654297, "elapsed_time": 56.146090507507324, "prnt": false}
{"event": "training_step", "timestamp": 1769668116.3988194, "step": 299, "max_steps": 406, "loss": 5.812716484069824, "elapsed_time": 56.3168523311615, "prnt": false}
{"event": "training_step", "timestamp": 1769668116.5688264, "step": 300, "max_steps": 406, "loss": 5.777099609375, "elapsed_time": 56.48633050918579, "prnt": false}
{"event": "training_step", "timestamp": 1769668116.738813, "step": 301, "max_steps": 406, "loss": 5.784430027008057, "elapsed_time": 56.65643048286438, "prnt": false}
{"event": "training_step", "timestamp": 1769668116.9087903, "step": 302, "max_steps": 406, "loss": 5.772197723388672, "elapsed_time": 56.82620406150818, "prnt": false}
{"event": "training_step", "timestamp": 1769668117.0783198, "step": 303, "max_steps": 406, "loss": 5.7834038734436035, "elapsed_time": 56.99605107307434, "prnt": false}
{"event": "training_step", "timestamp": 1769668117.2484338, "step": 304, "max_steps": 406, "loss": 5.778357028961182, "elapsed_time": 57.16588377952576, "prnt": false}
{"event": "validation_step", "timestamp": 1769668117.6049252, "step": 304, "max_steps": 406, "loss": 1.1355645531164342, "elapsed_time": 57.16588377952576}
{"event": "training_step", "timestamp": 1769668117.7748694, "step": 305, "max_steps": 406, "loss": 5.810973167419434, "elapsed_time": 57.69282603263855, "prnt": false}
{"event": "training_step", "timestamp": 1769668117.9452865, "step": 306, "max_steps": 406, "loss": 5.777486801147461, "elapsed_time": 57.86274600028992, "prnt": false}
{"event": "training_step", "timestamp": 1769668118.1151466, "step": 307, "max_steps": 406, "loss": 5.736634731292725, "elapsed_time": 58.03284549713135, "prnt": false}
{"event": "training_step", "timestamp": 1769668118.28548, "step": 308, "max_steps": 406, "loss": 5.782963752746582, "elapsed_time": 58.20251727104187, "prnt": false}
{"event": "training_step", "timestamp": 1769668118.455534, "step": 309, "max_steps": 406, "loss": 5.790295600891113, "elapsed_time": 58.37379002571106, "prnt": false}
{"event": "training_step", "timestamp": 1769668118.6251884, "step": 310, "max_steps": 406, "loss": 5.7669243812561035, "elapsed_time": 58.543046951293945, "prnt": false}
{"event": "training_step", "timestamp": 1769668118.795175, "step": 311, "max_steps": 406, "loss": 5.732692241668701, "elapsed_time": 58.712953090667725, "prnt": false}
{"event": "training_step", "timestamp": 1769668118.9654348, "step": 312, "max_steps": 406, "loss": 5.800796985626221, "elapsed_time": 58.88275074958801, "prnt": false}
{"event": "training_step", "timestamp": 1769668119.1349552, "step": 313, "max_steps": 406, "loss": 5.839189052581787, "elapsed_time": 59.053139209747314, "prnt": false}
{"event": "training_step", "timestamp": 1769668119.306046, "step": 314, "max_steps": 406, "loss": 5.822838306427002, "elapsed_time": 59.22239542007446, "prnt": false}
{"event": "training_step", "timestamp": 1769668119.4763563, "step": 315, "max_steps": 406, "loss": 5.752871513366699, "elapsed_time": 59.393434047698975, "prnt": false}
{"event": "training_step", "timestamp": 1769668119.6466138, "step": 316, "max_steps": 406, "loss": 5.817004680633545, "elapsed_time": 59.564024448394775, "prnt": false}
{"event": "training_step", "timestamp": 1769668119.8167856, "step": 317, "max_steps": 406, "loss": 5.7930908203125, "elapsed_time": 59.734193086624146, "prnt": false}
{"event": "training_step", "timestamp": 1769668119.9867325, "step": 318, "max_steps": 406, "loss": 5.762967586517334, "elapsed_time": 59.90418577194214, "prnt": false}
{"event": "training_step", "timestamp": 1769668120.1569507, "step": 319, "max_steps": 406, "loss": 5.726459980010986, "elapsed_time": 60.074310064315796, "prnt": false}
{"event": "training_step", "timestamp": 1769668120.3272097, "step": 320, "max_steps": 406, "loss": 5.7408447265625, "elapsed_time": 60.24474120140076, "prnt": false}
{"event": "training_step", "timestamp": 1769668120.4974391, "step": 321, "max_steps": 406, "loss": 5.71592903137207, "elapsed_time": 60.415273666381836, "prnt": false}
{"event": "training_step", "timestamp": 1769668120.6676173, "step": 322, "max_steps": 406, "loss": 5.764382362365723, "elapsed_time": 60.58493518829346, "prnt": false}
{"event": "training_step", "timestamp": 1769668120.8376555, "step": 323, "max_steps": 406, "loss": 5.781021595001221, "elapsed_time": 60.75515007972717, "prnt": false}
{"event": "validation_step", "timestamp": 1769668121.1938326, "step": 323, "max_steps": 406, "loss": 1.1339524594743573, "elapsed_time": 60.75515007972717}
{"event": "training_step", "timestamp": 1769668121.364442, "step": 324, "max_steps": 406, "loss": 5.799551963806152, "elapsed_time": 61.28150510787964, "prnt": false}
{"event": "training_step", "timestamp": 1769668121.5344043, "step": 325, "max_steps": 406, "loss": 5.728869915008545, "elapsed_time": 61.45202136039734, "prnt": false}
{"event": "training_step", "timestamp": 1769668121.7047763, "step": 326, "max_steps": 406, "loss": 5.7121148109436035, "elapsed_time": 61.62192153930664, "prnt": false}
{"event": "training_step", "timestamp": 1769668121.8747668, "step": 327, "max_steps": 406, "loss": 5.745189189910889, "elapsed_time": 61.79223990440369, "prnt": false}
{"event": "training_step", "timestamp": 1769668122.0450256, "step": 328, "max_steps": 406, "loss": 5.760542392730713, "elapsed_time": 61.96216702461243, "prnt": false}
{"event": "training_step", "timestamp": 1769668122.2150855, "step": 329, "max_steps": 406, "loss": 5.757730960845947, "elapsed_time": 62.132598876953125, "prnt": false}
{"event": "training_step", "timestamp": 1769668122.3855376, "step": 330, "max_steps": 406, "loss": 5.77629280090332, "elapsed_time": 62.30271339416504, "prnt": false}
{"event": "training_step", "timestamp": 1769668122.555839, "step": 331, "max_steps": 406, "loss": 5.756565093994141, "elapsed_time": 62.47356176376343, "prnt": false}
{"event": "training_step", "timestamp": 1769668122.726368, "step": 332, "max_steps": 406, "loss": 5.767002105712891, "elapsed_time": 62.64356780052185, "prnt": false}
{"event": "training_step", "timestamp": 1769668122.8965292, "step": 333, "max_steps": 406, "loss": 5.780257701873779, "elapsed_time": 62.81395769119263, "prnt": false}
{"event": "training_step", "timestamp": 1769668123.066965, "step": 334, "max_steps": 406, "loss": 5.712054252624512, "elapsed_time": 62.98388648033142, "prnt": false}
{"event": "training_step", "timestamp": 1769668123.237114, "step": 335, "max_steps": 406, "loss": 5.744808197021484, "elapsed_time": 63.154298543930054, "prnt": false}
{"event": "training_step", "timestamp": 1769668123.406853, "step": 336, "max_steps": 406, "loss": 5.718612194061279, "elapsed_time": 63.3246374130249, "prnt": false}
{"event": "training_step", "timestamp": 1769668123.5770578, "step": 337, "max_steps": 406, "loss": 5.741980075836182, "elapsed_time": 63.494290828704834, "prnt": false}
{"event": "training_step", "timestamp": 1769668123.746916, "step": 338, "max_steps": 406, "loss": 5.743978977203369, "elapsed_time": 63.665130376815796, "prnt": false}
{"event": "training_step", "timestamp": 1769668123.916907, "step": 339, "max_steps": 406, "loss": 5.6983489990234375, "elapsed_time": 63.83447289466858, "prnt": false}
{"event": "training_step", "timestamp": 1769668124.0870473, "step": 340, "max_steps": 406, "loss": 5.824038982391357, "elapsed_time": 64.00439643859863, "prnt": false}
{"event": "training_step", "timestamp": 1769668124.2572784, "step": 341, "max_steps": 406, "loss": 5.776548385620117, "elapsed_time": 64.17459917068481, "prnt": false}
{"event": "training_step", "timestamp": 1769668124.427083, "step": 342, "max_steps": 406, "loss": 5.745389461517334, "elapsed_time": 64.34500241279602, "prnt": false}
{"event": "validation_step", "timestamp": 1769668124.7838678, "step": 342, "max_steps": 406, "loss": 1.1326200313199566, "elapsed_time": 64.34500241279602}
{"event": "training_step", "timestamp": 1769668124.9543517, "step": 343, "max_steps": 406, "loss": 5.718742370605469, "elapsed_time": 64.87194156646729, "prnt": false}
{"event": "training_step", "timestamp": 1769668125.1248803, "step": 344, "max_steps": 406, "loss": 5.7350687980651855, "elapsed_time": 65.04222989082336, "prnt": false}
{"event": "training_step", "timestamp": 1769668125.2949855, "step": 345, "max_steps": 406, "loss": 5.697212219238281, "elapsed_time": 65.21245503425598, "prnt": false}
{"event": "training_step", "timestamp": 1769668125.465542, "step": 346, "max_steps": 406, "loss": 5.720572471618652, "elapsed_time": 65.38252544403076, "prnt": false}
{"event": "training_step", "timestamp": 1769668125.6356838, "step": 347, "max_steps": 406, "loss": 5.763830661773682, "elapsed_time": 65.5529294013977, "prnt": false}
{"event": "training_step", "timestamp": 1769668125.806144, "step": 348, "max_steps": 406, "loss": 5.7406768798828125, "elapsed_time": 65.72311902046204, "prnt": false}
{"event": "training_step", "timestamp": 1769668125.97647, "step": 349, "max_steps": 406, "loss": 5.701789855957031, "elapsed_time": 65.89358139038086, "prnt": false}
{"event": "training_step", "timestamp": 1769668126.146775, "step": 350, "max_steps": 406, "loss": 5.7700676918029785, "elapsed_time": 66.06395292282104, "prnt": false}
{"event": "training_step", "timestamp": 1769668126.3171718, "step": 351, "max_steps": 406, "loss": 5.740207672119141, "elapsed_time": 66.23437237739563, "prnt": false}
{"event": "training_step", "timestamp": 1769668126.487534, "step": 352, "max_steps": 406, "loss": 5.729654788970947, "elapsed_time": 66.40508508682251, "prnt": false}
{"event": "training_step", "timestamp": 1769668126.6579614, "step": 353, "max_steps": 406, "loss": 5.715695381164551, "elapsed_time": 66.57505631446838, "prnt": false}
{"event": "training_step", "timestamp": 1769668126.8279915, "step": 354, "max_steps": 406, "loss": 5.780924320220947, "elapsed_time": 66.74546694755554, "prnt": false}
{"event": "training_step", "timestamp": 1769668126.9983647, "step": 355, "max_steps": 406, "loss": 5.752206802368164, "elapsed_time": 66.91532874107361, "prnt": false}
{"event": "training_step", "timestamp": 1769668127.1684241, "step": 356, "max_steps": 406, "loss": 5.694990158081055, "elapsed_time": 67.08582973480225, "prnt": false}
{"event": "training_step", "timestamp": 1769668127.338977, "step": 357, "max_steps": 406, "loss": 5.731624126434326, "elapsed_time": 67.25605845451355, "prnt": false}
{"event": "training_step", "timestamp": 1769668127.509163, "step": 358, "max_steps": 406, "loss": 5.6812968254089355, "elapsed_time": 67.42682981491089, "prnt": false}
{"event": "training_step", "timestamp": 1769668127.679635, "step": 359, "max_steps": 406, "loss": 5.764249324798584, "elapsed_time": 67.59657835960388, "prnt": false}
{"event": "training_step", "timestamp": 1769668127.8498456, "step": 360, "max_steps": 406, "loss": 5.702921390533447, "elapsed_time": 67.76741147041321, "prnt": false}
{"event": "training_step", "timestamp": 1769668128.020277, "step": 361, "max_steps": 406, "loss": 5.737160682678223, "elapsed_time": 67.93765449523926, "prnt": false}
{"event": "validation_step", "timestamp": 1769668128.3766632, "step": 361, "max_steps": 406, "loss": 1.1316711929519316, "elapsed_time": 67.93765449523926}
{"event": "training_step", "timestamp": 1769668128.547077, "step": 362, "max_steps": 406, "loss": 5.676781177520752, "elapsed_time": 68.46480345726013, "prnt": false}
{"event": "training_step", "timestamp": 1769668128.717743, "step": 363, "max_steps": 406, "loss": 5.751840591430664, "elapsed_time": 68.63503384590149, "prnt": false}
{"event": "training_step", "timestamp": 1769668128.8876352, "step": 364, "max_steps": 406, "loss": 5.739532947540283, "elapsed_time": 68.8052806854248, "prnt": false}
{"event": "training_step", "timestamp": 1769668129.057841, "step": 365, "max_steps": 406, "loss": 5.722324848175049, "elapsed_time": 68.97519516944885, "prnt": false}
{"event": "training_step", "timestamp": 1769668129.2276518, "step": 366, "max_steps": 406, "loss": 5.747526168823242, "elapsed_time": 69.14539623260498, "prnt": false}
{"event": "training_step", "timestamp": 1769668129.3974087, "step": 367, "max_steps": 406, "loss": 5.738030433654785, "elapsed_time": 69.31520652770996, "prnt": false}
{"event": "training_step", "timestamp": 1769668129.5673172, "step": 368, "max_steps": 406, "loss": 5.738128662109375, "elapsed_time": 69.48477625846863, "prnt": false}
{"event": "training_step", "timestamp": 1769668129.7378685, "step": 369, "max_steps": 406, "loss": 5.737972736358643, "elapsed_time": 69.6550543308258, "prnt": false}
{"event": "training_step", "timestamp": 1769668129.9078395, "step": 370, "max_steps": 406, "loss": 5.736652851104736, "elapsed_time": 69.8253960609436, "prnt": false}
{"event": "training_step", "timestamp": 1769668130.0783699, "step": 371, "max_steps": 406, "loss": 5.724916934967041, "elapsed_time": 69.99530506134033, "prnt": false}
{"event": "training_step", "timestamp": 1769668130.2485185, "step": 372, "max_steps": 406, "loss": 5.743165016174316, "elapsed_time": 70.16585946083069, "prnt": false}
{"event": "training_step", "timestamp": 1769668130.41898, "step": 373, "max_steps": 406, "loss": 5.7372636795043945, "elapsed_time": 70.33600401878357, "prnt": false}
{"event": "training_step", "timestamp": 1769668130.588998, "step": 374, "max_steps": 406, "loss": 5.7069878578186035, "elapsed_time": 70.50691294670105, "prnt": false}
{"event": "training_step", "timestamp": 1769668130.759471, "step": 375, "max_steps": 406, "loss": 5.706481456756592, "elapsed_time": 70.67652702331543, "prnt": false}
{"event": "training_step", "timestamp": 1769668130.9293165, "step": 376, "max_steps": 406, "loss": 5.7418437004089355, "elapsed_time": 70.846932888031, "prnt": false}
{"event": "training_step", "timestamp": 1769668131.099734, "step": 377, "max_steps": 406, "loss": 5.724281311035156, "elapsed_time": 71.01663756370544, "prnt": false}
{"event": "training_step", "timestamp": 1769668131.2695243, "step": 378, "max_steps": 406, "loss": 5.707672119140625, "elapsed_time": 71.18729734420776, "prnt": false}
{"event": "training_step", "timestamp": 1769668131.439603, "step": 379, "max_steps": 406, "loss": 5.723774433135986, "elapsed_time": 71.35690522193909, "prnt": false}
{"event": "training_step", "timestamp": 1769668131.609496, "step": 380, "max_steps": 406, "loss": 5.738478660583496, "elapsed_time": 71.52724385261536, "prnt": false}
{"event": "validation_step", "timestamp": 1769668131.9662158, "step": 380, "max_steps": 406, "loss": 1.1312540602981818, "elapsed_time": 71.52724385261536}
{"event": "training_step", "timestamp": 1769668132.1375034, "step": 381, "max_steps": 406, "loss": 5.683447360992432, "elapsed_time": 72.05401873588562, "prnt": false}
{"event": "training_step", "timestamp": 1769668132.3073199, "step": 382, "max_steps": 406, "loss": 5.692919731140137, "elapsed_time": 72.22520542144775, "prnt": false}
{"event": "training_step", "timestamp": 1769668132.477164, "step": 383, "max_steps": 406, "loss": 5.7462944984436035, "elapsed_time": 72.39481258392334, "prnt": false}
{"event": "training_step", "timestamp": 1769668132.647202, "step": 384, "max_steps": 406, "loss": 5.722043991088867, "elapsed_time": 72.5654525756836, "prnt": false}
{"event": "training_step", "timestamp": 1769668132.8176637, "step": 385, "max_steps": 406, "loss": 5.7391676902771, "elapsed_time": 72.73486375808716, "prnt": false}
{"event": "training_step", "timestamp": 1769668132.9872978, "step": 386, "max_steps": 406, "loss": 5.703941822052002, "elapsed_time": 72.90504360198975, "prnt": false}
{"event": "training_step", "timestamp": 1769668133.157878, "step": 387, "max_steps": 406, "loss": 5.722383499145508, "elapsed_time": 73.0747082233429, "prnt": false}
{"event": "training_step", "timestamp": 1769668133.3279927, "step": 388, "max_steps": 406, "loss": 5.659811496734619, "elapsed_time": 73.24541807174683, "prnt": false}
{"event": "training_step", "timestamp": 1769668133.4984488, "step": 389, "max_steps": 406, "loss": 5.722487449645996, "elapsed_time": 73.41542792320251, "prnt": false}
{"event": "training_step", "timestamp": 1769668133.6681983, "step": 390, "max_steps": 406, "loss": 5.738864421844482, "elapsed_time": 73.58579516410828, "prnt": false}
{"event": "training_step", "timestamp": 1769668133.8387907, "step": 391, "max_steps": 406, "loss": 5.7615437507629395, "elapsed_time": 73.75610613822937, "prnt": false}
{"event": "training_step", "timestamp": 1769668134.00851, "step": 392, "max_steps": 406, "loss": 5.709156513214111, "elapsed_time": 73.92625451087952, "prnt": false}
{"event": "training_step", "timestamp": 1769668134.1789367, "step": 393, "max_steps": 406, "loss": 5.771812915802002, "elapsed_time": 74.09594178199768, "prnt": false}
{"event": "training_step", "timestamp": 1769668134.3488173, "step": 394, "max_steps": 406, "loss": 5.751403331756592, "elapsed_time": 74.26648378372192, "prnt": false}
{"event": "training_step", "timestamp": 1769668134.519258, "step": 395, "max_steps": 406, "loss": 5.741805076599121, "elapsed_time": 74.43636894226074, "prnt": false}
{"event": "training_step", "timestamp": 1769668134.6892922, "step": 396, "max_steps": 406, "loss": 5.745089530944824, "elapsed_time": 74.60749626159668, "prnt": false}
{"event": "training_step", "timestamp": 1769668134.8598337, "step": 397, "max_steps": 406, "loss": 5.731813907623291, "elapsed_time": 74.77703666687012, "prnt": false}
{"event": "training_step", "timestamp": 1769668135.0297701, "step": 398, "max_steps": 406, "loss": 5.681790351867676, "elapsed_time": 74.94729709625244, "prnt": false}
{"event": "training_step", "timestamp": 1769668135.2002168, "step": 399, "max_steps": 406, "loss": 5.708548545837402, "elapsed_time": 75.11718988418579, "prnt": false}
{"event": "validation_step", "timestamp": 1769668135.5573525, "step": 399, "max_steps": 406, "loss": 1.1310972730264022, "elapsed_time": 75.11718988418579}
{"event": "training_step", "timestamp": 1769668135.727539, "step": 400, "max_steps": 406, "loss": 5.708213806152344, "elapsed_time": 75.64531445503235, "prnt": false}
{"event": "training_step", "timestamp": 1769668135.8979995, "step": 401, "max_steps": 406, "loss": 5.7432379722595215, "elapsed_time": 75.81507158279419, "prnt": false}
{"event": "training_step", "timestamp": 1769668136.0679338, "step": 402, "max_steps": 406, "loss": 5.727071762084961, "elapsed_time": 75.98566007614136, "prnt": false}
{"event": "training_step", "timestamp": 1769668136.2383642, "step": 403, "max_steps": 406, "loss": 5.795992851257324, "elapsed_time": 76.15547060966492, "prnt": false}
{"event": "training_step", "timestamp": 1769668136.4082398, "step": 404, "max_steps": 406, "loss": 5.7230753898620605, "elapsed_time": 76.32605910301208, "prnt": false}
{"event": "training_step", "timestamp": 1769668136.5787895, "step": 405, "max_steps": 406, "loss": 5.743276596069336, "elapsed_time": 76.49611973762512, "prnt": false}
{"event": "training_step", "timestamp": 1769668136.7487552, "step": 406, "max_steps": 406, "loss": 5.710769176483154, "elapsed_time": 76.66636991500854, "prnt": false}
{"event": "validation_step", "timestamp": 1769668137.105206, "step": 406, "max_steps": 406, "loss": 1.1310945046412781, "elapsed_time": 76.66636991500854}
