{"event": "hyperparameters_configured", "timestamp": 1769728227.5423603, "block_size": 128, "vocab_size": 24000, "n_layer": 8, "n_head": 9, "d_model": 576, "dropout": 0.0, "mlp_ratio": 5.0, "activation": "gelu", "residual_scaling": true, "batch_size": 128, "lr": 0.0003, "weight_decay": 0.1, "evals_per_epoch": 3, "batch_mode": "random", "optimizer": "adamw", "scheduler": "warmup_cosine", "warmup_fraction": 0.05, "attention_type": "causal", "attn_intermediate_dim": 0, "local_attn_ctx": 16, "normalizer": "lowercase", "pre_tokenizer": "whitespace", "eos_handling": "tokenize_append", "min_frequency": 2, "domain_tokens": true, "epochs": 7, "seed": 1337, "num_titles": 100000, "val_frac": 0.1, "log_file": "./logs/exp-causal-b128.log"}
{"event": "device_info", "timestamp": 1769728227.5599387, "device": "cuda"}
{"event": "dataset_info", "timestamp": 1769728238.8299582, "titles_count": 90000, "epochs": 7, "batches_per_epoch": 58, "tokens_per_epoch": 965379, "vocab_size": 24000}
{"event": "model_info", "timestamp": 1769728239.3038423, "parameters_count": 51122304}
{"event": "training_step", "timestamp": 1769728240.0570285, "step": 1, "max_steps": 406, "loss": 10.19652271270752, "elapsed_time": 0.32605886459350586, "prnt": false}
{"event": "validation_step", "timestamp": 1769728240.4430113, "step": 1, "max_steps": 406, "loss": 1.8791536908989324, "elapsed_time": 0.32605886459350586}
{"event": "training_step", "timestamp": 1769728240.6352084, "step": 2, "max_steps": 406, "loss": 10.200214385986328, "elapsed_time": 0.7207987308502197, "prnt": false}
{"event": "training_step", "timestamp": 1769728240.8279858, "step": 3, "max_steps": 406, "loss": 9.832149505615234, "elapsed_time": 0.912250280380249, "prnt": false}
{"event": "training_step", "timestamp": 1769728241.0206234, "step": 4, "max_steps": 406, "loss": 9.45754623413086, "elapsed_time": 1.104705810546875, "prnt": false}
{"event": "training_step", "timestamp": 1769728241.2130513, "step": 5, "max_steps": 406, "loss": 9.228978157043457, "elapsed_time": 1.297438621520996, "prnt": false}
{"event": "training_step", "timestamp": 1769728241.4060032, "step": 6, "max_steps": 406, "loss": 9.103475570678711, "elapsed_time": 1.4896693229675293, "prnt": false}
{"event": "training_step", "timestamp": 1769728241.5993147, "step": 7, "max_steps": 406, "loss": 9.029380798339844, "elapsed_time": 1.68277907371521, "prnt": false}
{"event": "training_step", "timestamp": 1769728241.7922888, "step": 8, "max_steps": 406, "loss": 8.963043212890625, "elapsed_time": 1.876267671585083, "prnt": false}
{"event": "training_step", "timestamp": 1769728241.9849727, "step": 9, "max_steps": 406, "loss": 8.904777526855469, "elapsed_time": 2.068920373916626, "prnt": false}
{"event": "training_step", "timestamp": 1769728242.1771586, "step": 10, "max_steps": 406, "loss": 8.84933853149414, "elapsed_time": 2.262115716934204, "prnt": false}
{"event": "training_step", "timestamp": 1769728242.368981, "step": 11, "max_steps": 406, "loss": 8.755362510681152, "elapsed_time": 2.4540419578552246, "prnt": false}
{"event": "training_step", "timestamp": 1769728242.561733, "step": 12, "max_steps": 406, "loss": 8.66574764251709, "elapsed_time": 2.6460351943969727, "prnt": false}
{"event": "training_step", "timestamp": 1769728242.7537162, "step": 13, "max_steps": 406, "loss": 8.57347583770752, "elapsed_time": 2.8385496139526367, "prnt": false}
{"event": "training_step", "timestamp": 1769728242.9457374, "step": 14, "max_steps": 406, "loss": 8.725597381591797, "elapsed_time": 3.030217409133911, "prnt": false}
{"event": "training_step", "timestamp": 1769728243.1379788, "step": 15, "max_steps": 406, "loss": 8.402806282043457, "elapsed_time": 3.2224059104919434, "prnt": false}
{"event": "training_step", "timestamp": 1769728243.3305132, "step": 16, "max_steps": 406, "loss": 8.289070129394531, "elapsed_time": 3.4146125316619873, "prnt": false}
{"event": "training_step", "timestamp": 1769728243.523133, "step": 17, "max_steps": 406, "loss": 8.19304370880127, "elapsed_time": 3.6070749759674072, "prnt": false}
{"event": "training_step", "timestamp": 1769728243.7149663, "step": 18, "max_steps": 406, "loss": 8.086956024169922, "elapsed_time": 3.799643039703369, "prnt": false}
{"event": "training_step", "timestamp": 1769728243.9067438, "step": 19, "max_steps": 406, "loss": 8.002361297607422, "elapsed_time": 3.991502523422241, "prnt": false}
{"event": "validation_step", "timestamp": 1769728244.2916288, "step": 19, "max_steps": 406, "loss": 1.455202782892048, "elapsed_time": 3.991502523422241}
{"event": "training_step", "timestamp": 1769728244.4851985, "step": 20, "max_steps": 406, "loss": 7.8913445472717285, "elapsed_time": 4.568569898605347, "prnt": false}
{"event": "training_step", "timestamp": 1769728244.6773772, "step": 21, "max_steps": 406, "loss": 7.7861008644104, "elapsed_time": 4.762368679046631, "prnt": false}
{"event": "training_step", "timestamp": 1769728244.8697321, "step": 22, "max_steps": 406, "loss": 7.700639247894287, "elapsed_time": 4.953958034515381, "prnt": false}
{"event": "training_step", "timestamp": 1769728245.062067, "step": 23, "max_steps": 406, "loss": 7.593877792358398, "elapsed_time": 5.14640212059021, "prnt": false}
{"event": "training_step", "timestamp": 1769728245.2543793, "step": 24, "max_steps": 406, "loss": 7.51893424987793, "elapsed_time": 5.338657379150391, "prnt": false}
{"event": "training_step", "timestamp": 1769728245.4464462, "step": 25, "max_steps": 406, "loss": 7.448181629180908, "elapsed_time": 5.531261205673218, "prnt": false}
{"event": "training_step", "timestamp": 1769728245.6386955, "step": 26, "max_steps": 406, "loss": 7.3603739738464355, "elapsed_time": 5.7231152057647705, "prnt": false}
{"event": "training_step", "timestamp": 1769728245.8309317, "step": 27, "max_steps": 406, "loss": 7.300217628479004, "elapsed_time": 5.915446043014526, "prnt": false}
{"event": "training_step", "timestamp": 1769728246.0235574, "step": 28, "max_steps": 406, "loss": 7.246378421783447, "elapsed_time": 6.10746169090271, "prnt": false}
{"event": "training_step", "timestamp": 1769728246.2160606, "step": 29, "max_steps": 406, "loss": 7.224176406860352, "elapsed_time": 6.300318241119385, "prnt": false}
{"event": "training_step", "timestamp": 1769728246.4089017, "step": 30, "max_steps": 406, "loss": 7.183781147003174, "elapsed_time": 6.492725610733032, "prnt": false}
{"event": "training_step", "timestamp": 1769728246.6019416, "step": 31, "max_steps": 406, "loss": 7.146920680999756, "elapsed_time": 6.685979843139648, "prnt": false}
{"event": "training_step", "timestamp": 1769728246.7944448, "step": 32, "max_steps": 406, "loss": 7.142138957977295, "elapsed_time": 6.878690481185913, "prnt": false}
{"event": "training_step", "timestamp": 1769728246.9868488, "step": 33, "max_steps": 406, "loss": 7.131753444671631, "elapsed_time": 7.0711517333984375, "prnt": false}
{"event": "training_step", "timestamp": 1769728247.1796808, "step": 34, "max_steps": 406, "loss": 7.094552993774414, "elapsed_time": 7.263507604598999, "prnt": false}
{"event": "training_step", "timestamp": 1769728247.372105, "step": 35, "max_steps": 406, "loss": 7.103076457977295, "elapsed_time": 7.456820249557495, "prnt": false}
{"event": "training_step", "timestamp": 1769728247.5654125, "step": 36, "max_steps": 406, "loss": 7.045580863952637, "elapsed_time": 7.648817300796509, "prnt": false}
{"event": "training_step", "timestamp": 1769728247.7584474, "step": 37, "max_steps": 406, "loss": 7.094539165496826, "elapsed_time": 7.842103481292725, "prnt": false}
{"event": "training_step", "timestamp": 1769728247.9513175, "step": 38, "max_steps": 406, "loss": 7.062023162841797, "elapsed_time": 8.035156011581421, "prnt": false}
{"event": "validation_step", "timestamp": 1769728248.3371174, "step": 38, "max_steps": 406, "loss": 1.2999839990269346, "elapsed_time": 8.035156011581421}
{"event": "training_step", "timestamp": 1769728248.529838, "step": 39, "max_steps": 406, "loss": 7.014761447906494, "elapsed_time": 8.61414384841919, "prnt": false}
{"event": "training_step", "timestamp": 1769728248.7227962, "step": 40, "max_steps": 406, "loss": 7.084718227386475, "elapsed_time": 8.80701994895935, "prnt": false}
{"event": "training_step", "timestamp": 1769728248.9153574, "step": 41, "max_steps": 406, "loss": 7.021449565887451, "elapsed_time": 8.999578952789307, "prnt": false}
{"event": "training_step", "timestamp": 1769728249.1080713, "step": 42, "max_steps": 406, "loss": 7.023747444152832, "elapsed_time": 9.192217588424683, "prnt": false}
{"event": "training_step", "timestamp": 1769728249.3009179, "step": 43, "max_steps": 406, "loss": 6.985958099365234, "elapsed_time": 9.384832382202148, "prnt": false}
{"event": "training_step", "timestamp": 1769728249.4932241, "step": 44, "max_steps": 406, "loss": 6.970493316650391, "elapsed_time": 9.577540397644043, "prnt": false}
{"event": "training_step", "timestamp": 1769728249.6861901, "step": 45, "max_steps": 406, "loss": 7.020814418792725, "elapsed_time": 9.770893335342407, "prnt": false}
{"event": "training_step", "timestamp": 1769728249.879005, "step": 46, "max_steps": 406, "loss": 6.923348426818848, "elapsed_time": 9.962918996810913, "prnt": false}
{"event": "training_step", "timestamp": 1769728250.0711787, "step": 47, "max_steps": 406, "loss": 6.9295783042907715, "elapsed_time": 10.155529022216797, "prnt": false}
{"event": "training_step", "timestamp": 1769728250.2640245, "step": 48, "max_steps": 406, "loss": 6.967920303344727, "elapsed_time": 10.347845792770386, "prnt": false}
{"event": "training_step", "timestamp": 1769728250.4565294, "step": 49, "max_steps": 406, "loss": 6.91430139541626, "elapsed_time": 10.540636539459229, "prnt": false}
{"event": "training_step", "timestamp": 1769728250.6494877, "step": 50, "max_steps": 406, "loss": 6.889016151428223, "elapsed_time": 10.734084129333496, "prnt": false}
{"event": "training_step", "timestamp": 1769728250.8425233, "step": 51, "max_steps": 406, "loss": 6.870667934417725, "elapsed_time": 10.926377296447754, "prnt": false}
{"event": "training_step", "timestamp": 1769728251.0348942, "step": 52, "max_steps": 406, "loss": 6.892359733581543, "elapsed_time": 11.11924123764038, "prnt": false}
{"event": "training_step", "timestamp": 1769728251.2276943, "step": 53, "max_steps": 406, "loss": 6.856343746185303, "elapsed_time": 11.311939477920532, "prnt": false}
{"event": "training_step", "timestamp": 1769728251.4205256, "step": 54, "max_steps": 406, "loss": 6.848015308380127, "elapsed_time": 11.50444769859314, "prnt": false}
{"event": "training_step", "timestamp": 1769728251.613469, "step": 55, "max_steps": 406, "loss": 6.839389324188232, "elapsed_time": 11.697179794311523, "prnt": false}
{"event": "training_step", "timestamp": 1769728251.8059778, "step": 56, "max_steps": 406, "loss": 6.860726833343506, "elapsed_time": 11.890198707580566, "prnt": false}
{"event": "training_step", "timestamp": 1769728251.999133, "step": 57, "max_steps": 406, "loss": 6.803712844848633, "elapsed_time": 12.082805395126343, "prnt": false}
{"event": "validation_step", "timestamp": 1769728252.3854501, "step": 57, "max_steps": 406, "loss": 1.2640416887746875, "elapsed_time": 12.082805395126343}
{"event": "training_step", "timestamp": 1769728252.5786297, "step": 58, "max_steps": 406, "loss": 6.825178623199463, "elapsed_time": 12.662310361862183, "prnt": false}
{"event": "training_step", "timestamp": 1769728252.7714012, "step": 59, "max_steps": 406, "loss": 6.7497992515563965, "elapsed_time": 12.856439113616943, "prnt": false}
{"event": "training_step", "timestamp": 1769728252.9643664, "step": 60, "max_steps": 406, "loss": 6.791485786437988, "elapsed_time": 13.048180341720581, "prnt": false}
{"event": "training_step", "timestamp": 1769728253.1576793, "step": 61, "max_steps": 406, "loss": 6.780786037445068, "elapsed_time": 13.241053104400635, "prnt": false}
{"event": "training_step", "timestamp": 1769728253.3508549, "step": 62, "max_steps": 406, "loss": 6.735554218292236, "elapsed_time": 13.434455156326294, "prnt": false}
{"event": "training_step", "timestamp": 1769728253.544079, "step": 63, "max_steps": 406, "loss": 6.790654182434082, "elapsed_time": 13.627503156661987, "prnt": false}
{"event": "training_step", "timestamp": 1769728253.7369251, "step": 64, "max_steps": 406, "loss": 6.752915382385254, "elapsed_time": 13.820919513702393, "prnt": false}
{"event": "training_step", "timestamp": 1769728253.9294214, "step": 65, "max_steps": 406, "loss": 6.716285228729248, "elapsed_time": 14.013621091842651, "prnt": false}
{"event": "training_step", "timestamp": 1769728254.1219647, "step": 66, "max_steps": 406, "loss": 6.732717514038086, "elapsed_time": 14.206077575683594, "prnt": false}
{"event": "training_step", "timestamp": 1769728254.3148608, "step": 67, "max_steps": 406, "loss": 6.741064548492432, "elapsed_time": 14.398538827896118, "prnt": false}
{"event": "training_step", "timestamp": 1769728254.5078673, "step": 68, "max_steps": 406, "loss": 6.759950637817383, "elapsed_time": 14.591458797454834, "prnt": false}
{"event": "training_step", "timestamp": 1769728254.7014067, "step": 69, "max_steps": 406, "loss": 6.707144737243652, "elapsed_time": 14.785330057144165, "prnt": false}
{"event": "training_step", "timestamp": 1769728254.894469, "step": 70, "max_steps": 406, "loss": 6.719278335571289, "elapsed_time": 14.978419303894043, "prnt": false}
{"event": "training_step", "timestamp": 1769728255.0877025, "step": 71, "max_steps": 406, "loss": 6.744194030761719, "elapsed_time": 15.171392679214478, "prnt": false}
{"event": "training_step", "timestamp": 1769728255.281339, "step": 72, "max_steps": 406, "loss": 6.723973751068115, "elapsed_time": 15.364666938781738, "prnt": false}
{"event": "training_step", "timestamp": 1769728255.4740212, "step": 73, "max_steps": 406, "loss": 6.678536891937256, "elapsed_time": 15.558132886886597, "prnt": false}
{"event": "training_step", "timestamp": 1769728255.6668057, "step": 74, "max_steps": 406, "loss": 6.639125823974609, "elapsed_time": 15.750736713409424, "prnt": false}
{"event": "training_step", "timestamp": 1769728255.8600552, "step": 75, "max_steps": 406, "loss": 6.662086009979248, "elapsed_time": 15.9434974193573, "prnt": false}
{"event": "training_step", "timestamp": 1769728256.0531209, "step": 76, "max_steps": 406, "loss": 6.684387683868408, "elapsed_time": 16.136739015579224, "prnt": false}
{"event": "validation_step", "timestamp": 1769728256.44032, "step": 76, "max_steps": 406, "loss": 1.2388750612853088, "elapsed_time": 16.136739015579224}
{"event": "training_step", "timestamp": 1769728256.6337144, "step": 77, "max_steps": 406, "loss": 6.646805763244629, "elapsed_time": 16.7181293964386, "prnt": false}
{"event": "training_step", "timestamp": 1769728256.8271637, "step": 78, "max_steps": 406, "loss": 6.689397811889648, "elapsed_time": 16.911749839782715, "prnt": false}
{"event": "training_step", "timestamp": 1769728257.0215948, "step": 79, "max_steps": 406, "loss": 6.6456122398376465, "elapsed_time": 17.108662128448486, "prnt": false}
{"event": "training_step", "timestamp": 1769728257.215347, "step": 80, "max_steps": 406, "loss": 6.637172698974609, "elapsed_time": 17.299113512039185, "prnt": false}
{"event": "training_step", "timestamp": 1769728257.408589, "step": 81, "max_steps": 406, "loss": 6.642960548400879, "elapsed_time": 17.49300479888916, "prnt": false}
{"event": "training_step", "timestamp": 1769728257.6027021, "step": 82, "max_steps": 406, "loss": 6.611955642700195, "elapsed_time": 17.68660020828247, "prnt": false}
{"event": "training_step", "timestamp": 1769728257.796076, "step": 83, "max_steps": 406, "loss": 6.570777893066406, "elapsed_time": 17.88077402114868, "prnt": false}
{"event": "training_step", "timestamp": 1769728257.989473, "step": 84, "max_steps": 406, "loss": 6.564627647399902, "elapsed_time": 18.074151277542114, "prnt": false}
{"event": "training_step", "timestamp": 1769728258.1833832, "step": 85, "max_steps": 406, "loss": 6.604772090911865, "elapsed_time": 18.267473459243774, "prnt": false}
{"event": "training_step", "timestamp": 1769728258.3772173, "step": 86, "max_steps": 406, "loss": 6.5955071449279785, "elapsed_time": 18.461416721343994, "prnt": false}
{"event": "training_step", "timestamp": 1769728258.5702481, "step": 87, "max_steps": 406, "loss": 6.539582252502441, "elapsed_time": 18.6548330783844, "prnt": false}
{"event": "training_step", "timestamp": 1769728258.763968, "step": 88, "max_steps": 406, "loss": 6.58895206451416, "elapsed_time": 18.848289489746094, "prnt": false}
{"event": "training_step", "timestamp": 1769728258.9575315, "step": 89, "max_steps": 406, "loss": 6.582934856414795, "elapsed_time": 19.041545391082764, "prnt": false}
{"event": "training_step", "timestamp": 1769728259.150953, "step": 90, "max_steps": 406, "loss": 6.54445743560791, "elapsed_time": 19.235583782196045, "prnt": false}
{"event": "training_step", "timestamp": 1769728259.3455036, "step": 91, "max_steps": 406, "loss": 6.572701930999756, "elapsed_time": 19.431755781173706, "prnt": false}
{"event": "training_step", "timestamp": 1769728259.538957, "step": 92, "max_steps": 406, "loss": 6.586090564727783, "elapsed_time": 19.623406648635864, "prnt": false}
{"event": "training_step", "timestamp": 1769728259.7324488, "step": 93, "max_steps": 406, "loss": 6.575992584228516, "elapsed_time": 19.816720485687256, "prnt": false}
{"event": "training_step", "timestamp": 1769728259.9254642, "step": 94, "max_steps": 406, "loss": 6.574193954467773, "elapsed_time": 20.00991988182068, "prnt": false}
{"event": "training_step", "timestamp": 1769728260.11893, "step": 95, "max_steps": 406, "loss": 6.561655044555664, "elapsed_time": 20.202032327651978, "prnt": false}
{"event": "validation_step", "timestamp": 1769728260.5074735, "step": 95, "max_steps": 406, "loss": 1.221655866937525, "elapsed_time": 20.202032327651978}
{"event": "training_step", "timestamp": 1769728260.701691, "step": 96, "max_steps": 406, "loss": 6.579314708709717, "elapsed_time": 20.784717082977295, "prnt": false}
{"event": "training_step", "timestamp": 1769728260.8954492, "step": 97, "max_steps": 406, "loss": 6.447769641876221, "elapsed_time": 20.97970986366272, "prnt": false}
{"event": "training_step", "timestamp": 1769728261.0893004, "step": 98, "max_steps": 406, "loss": 6.507162570953369, "elapsed_time": 21.17372488975525, "prnt": false}
{"event": "training_step", "timestamp": 1769728261.2831557, "step": 99, "max_steps": 406, "loss": 6.491665363311768, "elapsed_time": 21.367244958877563, "prnt": false}
{"event": "training_step", "timestamp": 1769728261.4768267, "step": 100, "max_steps": 406, "loss": 6.50058126449585, "elapsed_time": 21.56089687347412, "prnt": false}
{"event": "training_step", "timestamp": 1769728261.6699755, "step": 101, "max_steps": 406, "loss": 6.512906551361084, "elapsed_time": 21.753639221191406, "prnt": false}
{"event": "training_step", "timestamp": 1769728261.8639355, "step": 102, "max_steps": 406, "loss": 6.4757184982299805, "elapsed_time": 21.946613073349, "prnt": false}
{"event": "training_step", "timestamp": 1769728262.0575583, "step": 103, "max_steps": 406, "loss": 6.525139331817627, "elapsed_time": 22.14048981666565, "prnt": false}
{"event": "training_step", "timestamp": 1769728262.2507505, "step": 104, "max_steps": 406, "loss": 6.465119361877441, "elapsed_time": 22.334681749343872, "prnt": false}
{"event": "training_step", "timestamp": 1769728262.4437666, "step": 105, "max_steps": 406, "loss": 6.524417400360107, "elapsed_time": 22.527499675750732, "prnt": false}
{"event": "training_step", "timestamp": 1769728262.6373398, "step": 106, "max_steps": 406, "loss": 6.494692325592041, "elapsed_time": 22.720413208007812, "prnt": false}
{"event": "training_step", "timestamp": 1769728262.830925, "step": 107, "max_steps": 406, "loss": 6.470000267028809, "elapsed_time": 22.91464328765869, "prnt": false}
{"event": "training_step", "timestamp": 1769728263.0242138, "step": 108, "max_steps": 406, "loss": 6.465095520019531, "elapsed_time": 23.107694387435913, "prnt": false}
{"event": "training_step", "timestamp": 1769728263.217945, "step": 109, "max_steps": 406, "loss": 6.500151634216309, "elapsed_time": 23.30110740661621, "prnt": false}
{"event": "training_step", "timestamp": 1769728263.4115171, "step": 110, "max_steps": 406, "loss": 6.444552898406982, "elapsed_time": 23.494624137878418, "prnt": false}
{"event": "training_step", "timestamp": 1769728263.6050534, "step": 111, "max_steps": 406, "loss": 6.418928623199463, "elapsed_time": 23.688111305236816, "prnt": false}
{"event": "training_step", "timestamp": 1769728263.7989633, "step": 112, "max_steps": 406, "loss": 6.441057205200195, "elapsed_time": 23.881654977798462, "prnt": false}
{"event": "training_step", "timestamp": 1769728263.9923875, "step": 113, "max_steps": 406, "loss": 6.431666374206543, "elapsed_time": 24.07551646232605, "prnt": false}
{"event": "training_step", "timestamp": 1769728264.18593, "step": 114, "max_steps": 406, "loss": 6.468865871429443, "elapsed_time": 24.268949031829834, "prnt": false}
{"event": "validation_step", "timestamp": 1769728264.573802, "step": 114, "max_steps": 406, "loss": 1.2068639457942576, "elapsed_time": 24.268949031829834}
{"event": "training_step", "timestamp": 1769728264.7672005, "step": 115, "max_steps": 406, "loss": 6.413928508758545, "elapsed_time": 24.850902557373047, "prnt": false}
{"event": "training_step", "timestamp": 1769728264.960914, "step": 116, "max_steps": 406, "loss": 6.448183536529541, "elapsed_time": 25.043985605239868, "prnt": false}
{"event": "training_step", "timestamp": 1769728265.1545765, "step": 117, "max_steps": 406, "loss": 6.4540510177612305, "elapsed_time": 25.237823486328125, "prnt": false}
{"event": "training_step", "timestamp": 1769728265.347525, "step": 118, "max_steps": 406, "loss": 6.4165143966674805, "elapsed_time": 25.43126916885376, "prnt": false}
{"event": "training_step", "timestamp": 1769728265.5410542, "step": 119, "max_steps": 406, "loss": 6.393955707550049, "elapsed_time": 25.624089241027832, "prnt": false}
{"event": "training_step", "timestamp": 1769728265.7348244, "step": 120, "max_steps": 406, "loss": 6.433566570281982, "elapsed_time": 25.817665576934814, "prnt": false}
{"event": "training_step", "timestamp": 1769728265.9279404, "step": 121, "max_steps": 406, "loss": 6.408074378967285, "elapsed_time": 26.01136541366577, "prnt": false}
{"event": "training_step", "timestamp": 1769728266.12132, "step": 122, "max_steps": 406, "loss": 6.352743148803711, "elapsed_time": 26.204474925994873, "prnt": false}
{"event": "training_step", "timestamp": 1769728266.3148081, "step": 123, "max_steps": 406, "loss": 6.385316848754883, "elapsed_time": 26.397843837738037, "prnt": false}
{"event": "training_step", "timestamp": 1769728266.5082285, "step": 124, "max_steps": 406, "loss": 6.3444108963012695, "elapsed_time": 26.59152102470398, "prnt": false}
{"event": "training_step", "timestamp": 1769728266.7017298, "step": 125, "max_steps": 406, "loss": 6.383975982666016, "elapsed_time": 26.784937858581543, "prnt": false}
{"event": "training_step", "timestamp": 1769728266.8953567, "step": 126, "max_steps": 406, "loss": 6.349689483642578, "elapsed_time": 26.979066610336304, "prnt": false}
{"event": "training_step", "timestamp": 1769728267.088349, "step": 127, "max_steps": 406, "loss": 6.36436653137207, "elapsed_time": 27.171797037124634, "prnt": false}
{"event": "training_step", "timestamp": 1769728267.281295, "step": 128, "max_steps": 406, "loss": 6.332110404968262, "elapsed_time": 27.364899396896362, "prnt": false}
{"event": "training_step", "timestamp": 1769728267.4748743, "step": 129, "max_steps": 406, "loss": 6.376752853393555, "elapsed_time": 27.55791711807251, "prnt": false}
{"event": "training_step", "timestamp": 1769728267.6679502, "step": 130, "max_steps": 406, "loss": 6.407888412475586, "elapsed_time": 27.751615524291992, "prnt": false}
{"event": "training_step", "timestamp": 1769728267.8615446, "step": 131, "max_steps": 406, "loss": 6.386162757873535, "elapsed_time": 27.94462275505066, "prnt": false}
{"event": "training_step", "timestamp": 1769728268.0548568, "step": 132, "max_steps": 406, "loss": 6.354955673217773, "elapsed_time": 28.13813304901123, "prnt": false}
{"event": "training_step", "timestamp": 1769728268.2479103, "step": 133, "max_steps": 406, "loss": 6.368139266967773, "elapsed_time": 28.331610202789307, "prnt": false}
{"event": "validation_step", "timestamp": 1769728268.6364164, "step": 133, "max_steps": 406, "loss": 1.196750683395642, "elapsed_time": 28.331610202789307}
{"event": "training_step", "timestamp": 1769728268.8303552, "step": 134, "max_steps": 406, "loss": 6.389585494995117, "elapsed_time": 28.913722038269043, "prnt": false}
{"event": "training_step", "timestamp": 1769728269.02342, "step": 135, "max_steps": 406, "loss": 6.3489155769348145, "elapsed_time": 29.106996297836304, "prnt": false}
{"event": "training_step", "timestamp": 1769728269.217029, "step": 136, "max_steps": 406, "loss": 6.347748756408691, "elapsed_time": 29.30004644393921, "prnt": false}
{"event": "training_step", "timestamp": 1769728269.4104497, "step": 137, "max_steps": 406, "loss": 6.326516151428223, "elapsed_time": 29.493666410446167, "prnt": false}
{"event": "training_step", "timestamp": 1769728269.604327, "step": 138, "max_steps": 406, "loss": 6.344606876373291, "elapsed_time": 29.687015056610107, "prnt": false}
{"event": "training_step", "timestamp": 1769728269.7981327, "step": 139, "max_steps": 406, "loss": 6.338548183441162, "elapsed_time": 29.881253480911255, "prnt": false}
{"event": "training_step", "timestamp": 1769728269.9917643, "step": 140, "max_steps": 406, "loss": 6.3247857093811035, "elapsed_time": 30.074978590011597, "prnt": false}
{"event": "training_step", "timestamp": 1769728270.1852334, "step": 141, "max_steps": 406, "loss": 6.333304405212402, "elapsed_time": 30.26854968070984, "prnt": false}
{"event": "training_step", "timestamp": 1769728270.3792315, "step": 142, "max_steps": 406, "loss": 6.321564197540283, "elapsed_time": 30.461738348007202, "prnt": false}
{"event": "training_step", "timestamp": 1769728270.5730977, "step": 143, "max_steps": 406, "loss": 6.297003269195557, "elapsed_time": 30.655808448791504, "prnt": false}
{"event": "training_step", "timestamp": 1769728270.7665055, "step": 144, "max_steps": 406, "loss": 6.313251495361328, "elapsed_time": 30.85004734992981, "prnt": false}
{"event": "training_step", "timestamp": 1769728270.960527, "step": 145, "max_steps": 406, "loss": 6.282721042633057, "elapsed_time": 31.04376530647278, "prnt": false}
{"event": "training_step", "timestamp": 1769728271.154524, "step": 146, "max_steps": 406, "loss": 6.243878364562988, "elapsed_time": 31.237221717834473, "prnt": false}
{"event": "training_step", "timestamp": 1769728271.3477495, "step": 147, "max_steps": 406, "loss": 6.263487339019775, "elapsed_time": 31.431128978729248, "prnt": false}
{"event": "training_step", "timestamp": 1769728271.5410187, "step": 148, "max_steps": 406, "loss": 6.28527307510376, "elapsed_time": 31.624446868896484, "prnt": false}
{"event": "training_step", "timestamp": 1769728271.7347996, "step": 149, "max_steps": 406, "loss": 6.190614223480225, "elapsed_time": 31.817736387252808, "prnt": false}
{"event": "training_step", "timestamp": 1769728271.9286041, "step": 150, "max_steps": 406, "loss": 6.221259593963623, "elapsed_time": 32.011362075805664, "prnt": false}
{"event": "training_step", "timestamp": 1769728272.1222942, "step": 151, "max_steps": 406, "loss": 6.320486068725586, "elapsed_time": 32.20539093017578, "prnt": false}
{"event": "training_step", "timestamp": 1769728272.316472, "step": 152, "max_steps": 406, "loss": 6.261264801025391, "elapsed_time": 32.399781465530396, "prnt": false}
{"event": "validation_step", "timestamp": 1769728272.7050037, "step": 152, "max_steps": 406, "loss": 1.1862452916946338, "elapsed_time": 32.399781465530396}
{"event": "training_step", "timestamp": 1769728272.8994555, "step": 153, "max_steps": 406, "loss": 6.206123352050781, "elapsed_time": 32.98230719566345, "prnt": false}
{"event": "training_step", "timestamp": 1769728273.093372, "step": 154, "max_steps": 406, "loss": 6.2589945793151855, "elapsed_time": 33.1760458946228, "prnt": false}
{"event": "training_step", "timestamp": 1769728273.2870371, "step": 155, "max_steps": 406, "loss": 6.242522716522217, "elapsed_time": 33.369959115982056, "prnt": false}
{"event": "training_step", "timestamp": 1769728273.4809995, "step": 156, "max_steps": 406, "loss": 6.201991558074951, "elapsed_time": 33.563817262649536, "prnt": false}
{"event": "training_step", "timestamp": 1769728273.6750772, "step": 157, "max_steps": 406, "loss": 6.243342876434326, "elapsed_time": 33.75774955749512, "prnt": false}
{"event": "training_step", "timestamp": 1769728273.8689122, "step": 158, "max_steps": 406, "loss": 6.219837188720703, "elapsed_time": 33.951699018478394, "prnt": false}
{"event": "training_step", "timestamp": 1769728274.0625703, "step": 159, "max_steps": 406, "loss": 6.224914073944092, "elapsed_time": 34.14567756652832, "prnt": false}
{"event": "training_step", "timestamp": 1769728274.2567194, "step": 160, "max_steps": 406, "loss": 6.224155426025391, "elapsed_time": 34.33947992324829, "prnt": false}
{"event": "training_step", "timestamp": 1769728274.4506102, "step": 161, "max_steps": 406, "loss": 6.235093593597412, "elapsed_time": 34.533472299575806, "prnt": false}
{"event": "training_step", "timestamp": 1769728274.6442049, "step": 162, "max_steps": 406, "loss": 6.210224151611328, "elapsed_time": 34.7271888256073, "prnt": false}
{"event": "training_step", "timestamp": 1769728274.838073, "step": 163, "max_steps": 406, "loss": 6.197237968444824, "elapsed_time": 34.92075204849243, "prnt": false}
{"event": "training_step", "timestamp": 1769728275.0323267, "step": 164, "max_steps": 406, "loss": 6.215481281280518, "elapsed_time": 35.115434408187866, "prnt": false}
{"event": "training_step", "timestamp": 1769728275.2260766, "step": 165, "max_steps": 406, "loss": 6.217348575592041, "elapsed_time": 35.30904221534729, "prnt": false}
{"event": "training_step", "timestamp": 1769728275.4201694, "step": 166, "max_steps": 406, "loss": 6.209603309631348, "elapsed_time": 35.50280165672302, "prnt": false}
{"event": "training_step", "timestamp": 1769728275.614136, "step": 167, "max_steps": 406, "loss": 6.2080206871032715, "elapsed_time": 35.697044372558594, "prnt": false}
{"event": "training_step", "timestamp": 1769728275.8082488, "step": 168, "max_steps": 406, "loss": 6.177228927612305, "elapsed_time": 35.89093732833862, "prnt": false}
{"event": "training_step", "timestamp": 1769728276.0022519, "step": 169, "max_steps": 406, "loss": 6.203725814819336, "elapsed_time": 36.08490014076233, "prnt": false}
{"event": "training_step", "timestamp": 1769728276.196693, "step": 170, "max_steps": 406, "loss": 6.214973449707031, "elapsed_time": 36.278947830200195, "prnt": false}
{"event": "training_step", "timestamp": 1769728276.3909185, "step": 171, "max_steps": 406, "loss": 6.219698905944824, "elapsed_time": 36.473416805267334, "prnt": false}
{"event": "validation_step", "timestamp": 1769728276.7800443, "step": 171, "max_steps": 406, "loss": 1.180291505973384, "elapsed_time": 36.473416805267334}
{"event": "training_step", "timestamp": 1769728276.9746504, "step": 172, "max_steps": 406, "loss": 6.1533355712890625, "elapsed_time": 37.057154178619385, "prnt": false}
{"event": "training_step", "timestamp": 1769728277.1686406, "step": 173, "max_steps": 406, "loss": 6.16075325012207, "elapsed_time": 37.25167274475098, "prnt": false}
{"event": "training_step", "timestamp": 1769728277.3625972, "step": 174, "max_steps": 406, "loss": 6.168515205383301, "elapsed_time": 37.445292711257935, "prnt": false}
{"event": "training_step", "timestamp": 1769728277.5569165, "step": 175, "max_steps": 406, "loss": 6.206307888031006, "elapsed_time": 37.63949131965637, "prnt": false}
{"event": "training_step", "timestamp": 1769728277.7510595, "step": 176, "max_steps": 406, "loss": 6.15355110168457, "elapsed_time": 37.8334755897522, "prnt": false}
{"event": "training_step", "timestamp": 1769728277.9449146, "step": 177, "max_steps": 406, "loss": 6.213378429412842, "elapsed_time": 38.02780270576477, "prnt": false}
{"event": "training_step", "timestamp": 1769728278.1391659, "step": 178, "max_steps": 406, "loss": 6.178084850311279, "elapsed_time": 38.22143816947937, "prnt": false}
{"event": "training_step", "timestamp": 1769728278.3332214, "step": 179, "max_steps": 406, "loss": 6.1496429443359375, "elapsed_time": 38.41576814651489, "prnt": false}
{"event": "training_step", "timestamp": 1769728278.5271742, "step": 180, "max_steps": 406, "loss": 6.14189338684082, "elapsed_time": 38.609891176223755, "prnt": false}
{"event": "training_step", "timestamp": 1769728278.721427, "step": 181, "max_steps": 406, "loss": 6.10430908203125, "elapsed_time": 38.80396747589111, "prnt": false}
{"event": "training_step", "timestamp": 1769728278.9161904, "step": 182, "max_steps": 406, "loss": 6.1508989334106445, "elapsed_time": 38.998520374298096, "prnt": false}
{"event": "training_step", "timestamp": 1769728279.1103895, "step": 183, "max_steps": 406, "loss": 6.189242362976074, "elapsed_time": 39.19304943084717, "prnt": false}
{"event": "training_step", "timestamp": 1769728279.3043673, "step": 184, "max_steps": 406, "loss": 6.157023906707764, "elapsed_time": 39.387211084365845, "prnt": false}
{"event": "training_step", "timestamp": 1769728279.4987042, "step": 185, "max_steps": 406, "loss": 6.166843891143799, "elapsed_time": 39.58091330528259, "prnt": false}
{"event": "training_step", "timestamp": 1769728279.6930087, "step": 186, "max_steps": 406, "loss": 6.16714334487915, "elapsed_time": 39.775848627090454, "prnt": false}
{"event": "training_step", "timestamp": 1769728279.8871446, "step": 187, "max_steps": 406, "loss": 6.109871864318848, "elapsed_time": 39.97018003463745, "prnt": false}
{"event": "training_step", "timestamp": 1769728280.081321, "step": 188, "max_steps": 406, "loss": 6.168644905090332, "elapsed_time": 40.16390776634216, "prnt": false}
{"event": "training_step", "timestamp": 1769728280.2756777, "step": 189, "max_steps": 406, "loss": 6.132263660430908, "elapsed_time": 40.358070850372314, "prnt": false}
{"event": "training_step", "timestamp": 1769728280.469962, "step": 190, "max_steps": 406, "loss": 6.121745586395264, "elapsed_time": 40.552435636520386, "prnt": false}
{"event": "validation_step", "timestamp": 1769728280.8596568, "step": 190, "max_steps": 406, "loss": 1.1723515870199825, "elapsed_time": 40.552435636520386}
{"event": "training_step", "timestamp": 1769728281.054296, "step": 191, "max_steps": 406, "loss": 6.13197660446167, "elapsed_time": 41.136754751205444, "prnt": false}
{"event": "training_step", "timestamp": 1769728281.2485626, "step": 192, "max_steps": 406, "loss": 6.138004302978516, "elapsed_time": 41.33115291595459, "prnt": false}
{"event": "training_step", "timestamp": 1769728281.4423385, "step": 193, "max_steps": 406, "loss": 6.163093566894531, "elapsed_time": 41.52538061141968, "prnt": false}
{"event": "training_step", "timestamp": 1769728281.6370032, "step": 194, "max_steps": 406, "loss": 6.12715482711792, "elapsed_time": 41.71894836425781, "prnt": false}
{"event": "training_step", "timestamp": 1769728281.8311782, "step": 195, "max_steps": 406, "loss": 6.102229595184326, "elapsed_time": 41.91361975669861, "prnt": false}
{"event": "training_step", "timestamp": 1769728282.025423, "step": 196, "max_steps": 406, "loss": 6.085512638092041, "elapsed_time": 42.10772705078125, "prnt": false}
{"event": "training_step", "timestamp": 1769728282.2194808, "step": 197, "max_steps": 406, "loss": 6.085453033447266, "elapsed_time": 42.30223989486694, "prnt": false}
{"event": "training_step", "timestamp": 1769728282.413923, "step": 198, "max_steps": 406, "loss": 6.127745628356934, "elapsed_time": 42.49611520767212, "prnt": false}
{"event": "training_step", "timestamp": 1769728282.6081321, "step": 199, "max_steps": 406, "loss": 6.074409008026123, "elapsed_time": 42.69050884246826, "prnt": false}
{"event": "training_step", "timestamp": 1769728282.802042, "step": 200, "max_steps": 406, "loss": 6.085297584533691, "elapsed_time": 42.884743213653564, "prnt": false}
{"event": "training_step", "timestamp": 1769728282.9967391, "step": 201, "max_steps": 406, "loss": 6.09861946105957, "elapsed_time": 43.079669713974, "prnt": false}
{"event": "training_step", "timestamp": 1769728283.1908104, "step": 202, "max_steps": 406, "loss": 6.104092121124268, "elapsed_time": 43.273597717285156, "prnt": false}
{"event": "training_step", "timestamp": 1769728283.3852727, "step": 203, "max_steps": 406, "loss": 6.095346450805664, "elapsed_time": 43.4674015045166, "prnt": false}
{"event": "training_step", "timestamp": 1769728283.578998, "step": 204, "max_steps": 406, "loss": 6.1062846183776855, "elapsed_time": 43.66186261177063, "prnt": false}
{"event": "training_step", "timestamp": 1769728283.7735732, "step": 205, "max_steps": 406, "loss": 6.138054847717285, "elapsed_time": 43.85563039779663, "prnt": false}
{"event": "training_step", "timestamp": 1769728283.968122, "step": 206, "max_steps": 406, "loss": 6.069489002227783, "elapsed_time": 44.050140142440796, "prnt": false}
{"event": "training_step", "timestamp": 1769728284.1619527, "step": 207, "max_steps": 406, "loss": 6.067346572875977, "elapsed_time": 44.244664430618286, "prnt": false}
{"event": "training_step", "timestamp": 1769728284.3564744, "step": 208, "max_steps": 406, "loss": 6.065533638000488, "elapsed_time": 44.43858098983765, "prnt": false}
{"event": "training_step", "timestamp": 1769728284.5509405, "step": 209, "max_steps": 406, "loss": 6.06533145904541, "elapsed_time": 44.63299560546875, "prnt": false}
{"event": "validation_step", "timestamp": 1769728284.940968, "step": 209, "max_steps": 406, "loss": 1.1681248488373837, "elapsed_time": 44.63299560546875}
{"event": "training_step", "timestamp": 1769728285.1361766, "step": 210, "max_steps": 406, "loss": 6.044925212860107, "elapsed_time": 45.21807503700256, "prnt": false}
{"event": "training_step", "timestamp": 1769728285.3301792, "step": 211, "max_steps": 406, "loss": 6.079646110534668, "elapsed_time": 45.412819623947144, "prnt": false}
{"event": "training_step", "timestamp": 1769728285.5243247, "step": 212, "max_steps": 406, "loss": 6.095015048980713, "elapsed_time": 45.606701374053955, "prnt": false}
{"event": "training_step", "timestamp": 1769728285.7187166, "step": 213, "max_steps": 406, "loss": 6.063819408416748, "elapsed_time": 45.80086088180542, "prnt": false}
{"event": "training_step", "timestamp": 1769728285.9135072, "step": 214, "max_steps": 406, "loss": 6.0343098640441895, "elapsed_time": 45.99531936645508, "prnt": false}
{"event": "training_step", "timestamp": 1769728286.108171, "step": 215, "max_steps": 406, "loss": 6.074373722076416, "elapsed_time": 46.1903030872345, "prnt": false}
{"event": "training_step", "timestamp": 1769728286.3024194, "step": 216, "max_steps": 406, "loss": 6.039531230926514, "elapsed_time": 46.38468885421753, "prnt": false}
{"event": "training_step", "timestamp": 1769728286.4970984, "step": 217, "max_steps": 406, "loss": 6.083927631378174, "elapsed_time": 46.578967332839966, "prnt": false}
{"event": "training_step", "timestamp": 1769728286.691844, "step": 218, "max_steps": 406, "loss": 6.053717613220215, "elapsed_time": 46.77365827560425, "prnt": false}
{"event": "training_step", "timestamp": 1769728286.8863926, "step": 219, "max_steps": 406, "loss": 6.059023857116699, "elapsed_time": 46.968448877334595, "prnt": false}
{"event": "training_step", "timestamp": 1769728287.0811803, "step": 220, "max_steps": 406, "loss": 5.998398780822754, "elapsed_time": 47.16391372680664, "prnt": false}
{"event": "training_step", "timestamp": 1769728287.2758083, "step": 221, "max_steps": 406, "loss": 5.997329235076904, "elapsed_time": 47.35794401168823, "prnt": false}
{"event": "training_step", "timestamp": 1769728287.470707, "step": 222, "max_steps": 406, "loss": 6.054124355316162, "elapsed_time": 47.55328345298767, "prnt": false}
{"event": "training_step", "timestamp": 1769728287.6650627, "step": 223, "max_steps": 406, "loss": 6.011547565460205, "elapsed_time": 47.74749517440796, "prnt": false}
{"event": "training_step", "timestamp": 1769728287.859258, "step": 224, "max_steps": 406, "loss": 6.006579399108887, "elapsed_time": 47.9416663646698, "prnt": false}
{"event": "training_step", "timestamp": 1769728288.0537405, "step": 225, "max_steps": 406, "loss": 6.046754360198975, "elapsed_time": 48.1358904838562, "prnt": false}
{"event": "training_step", "timestamp": 1769728288.248516, "step": 226, "max_steps": 406, "loss": 6.049474716186523, "elapsed_time": 48.331074953079224, "prnt": false}
{"event": "training_step", "timestamp": 1769728288.4431262, "step": 227, "max_steps": 406, "loss": 6.062839031219482, "elapsed_time": 48.52533507347107, "prnt": false}
{"event": "training_step", "timestamp": 1769728288.6374803, "step": 228, "max_steps": 406, "loss": 5.987473487854004, "elapsed_time": 48.7204384803772, "prnt": false}
{"event": "validation_step", "timestamp": 1769728289.0275671, "step": 228, "max_steps": 406, "loss": 1.1634020863487737, "elapsed_time": 48.7204384803772}
{"event": "training_step", "timestamp": 1769728289.222095, "step": 229, "max_steps": 406, "loss": 5.977059841156006, "elapsed_time": 49.304656982421875, "prnt": false}
{"event": "training_step", "timestamp": 1769728289.4171784, "step": 230, "max_steps": 406, "loss": 6.014650344848633, "elapsed_time": 49.499770641326904, "prnt": false}
{"event": "training_step", "timestamp": 1769728289.611754, "step": 231, "max_steps": 406, "loss": 5.991214752197266, "elapsed_time": 49.69481348991394, "prnt": false}
{"event": "training_step", "timestamp": 1769728289.8067193, "step": 232, "max_steps": 406, "loss": 6.045267105102539, "elapsed_time": 49.889321088790894, "prnt": false}
{"event": "training_step", "timestamp": 1769728290.0010488, "step": 233, "max_steps": 406, "loss": 6.02816915512085, "elapsed_time": 50.08369469642639, "prnt": false}
{"event": "training_step", "timestamp": 1769728290.1960256, "step": 234, "max_steps": 406, "loss": 6.054783821105957, "elapsed_time": 50.27782893180847, "prnt": false}
{"event": "training_step", "timestamp": 1769728290.3913584, "step": 235, "max_steps": 406, "loss": 6.027952671051025, "elapsed_time": 50.47404885292053, "prnt": false}
{"event": "training_step", "timestamp": 1769728290.58627, "step": 236, "max_steps": 406, "loss": 6.030595302581787, "elapsed_time": 50.66824173927307, "prnt": false}
{"event": "training_step", "timestamp": 1769728290.7805886, "step": 237, "max_steps": 406, "loss": 6.0205183029174805, "elapsed_time": 50.863036155700684, "prnt": false}
{"event": "training_step", "timestamp": 1769728290.976559, "step": 238, "max_steps": 406, "loss": 6.017275810241699, "elapsed_time": 51.05718207359314, "prnt": false}
{"event": "training_step", "timestamp": 1769728291.171387, "step": 239, "max_steps": 406, "loss": 5.957123279571533, "elapsed_time": 51.254207611083984, "prnt": false}
{"event": "training_step", "timestamp": 1769728291.3661249, "step": 240, "max_steps": 406, "loss": 6.012002468109131, "elapsed_time": 51.44806122779846, "prnt": false}
{"event": "training_step", "timestamp": 1769728291.560174, "step": 241, "max_steps": 406, "loss": 5.977053165435791, "elapsed_time": 51.64276051521301, "prnt": false}
{"event": "training_step", "timestamp": 1769728291.755034, "step": 242, "max_steps": 406, "loss": 6.0292863845825195, "elapsed_time": 51.837005853652954, "prnt": false}
{"event": "training_step", "timestamp": 1769728291.9498756, "step": 243, "max_steps": 406, "loss": 6.017333984375, "elapsed_time": 52.03187894821167, "prnt": false}
{"event": "training_step", "timestamp": 1769728292.1445682, "step": 244, "max_steps": 406, "loss": 5.980744361877441, "elapsed_time": 52.226754665374756, "prnt": false}
{"event": "training_step", "timestamp": 1769728292.339116, "step": 245, "max_steps": 406, "loss": 5.975737571716309, "elapsed_time": 52.42126655578613, "prnt": false}
{"event": "training_step", "timestamp": 1769728292.5340514, "step": 246, "max_steps": 406, "loss": 5.9369635581970215, "elapsed_time": 52.61565065383911, "prnt": false}
{"event": "training_step", "timestamp": 1769728292.7297761, "step": 247, "max_steps": 406, "loss": 5.968838691711426, "elapsed_time": 52.81066942214966, "prnt": false}
{"event": "validation_step", "timestamp": 1769728293.1207886, "step": 247, "max_steps": 406, "loss": 1.1596585558743902, "elapsed_time": 52.81066942214966}
{"event": "training_step", "timestamp": 1769728293.3161876, "step": 248, "max_steps": 406, "loss": 5.952016353607178, "elapsed_time": 53.39822721481323, "prnt": false}
{"event": "training_step", "timestamp": 1769728293.5105212, "step": 249, "max_steps": 406, "loss": 5.97156286239624, "elapsed_time": 53.59319067001343, "prnt": false}
{"event": "training_step", "timestamp": 1769728293.7059917, "step": 250, "max_steps": 406, "loss": 5.994438171386719, "elapsed_time": 53.78749895095825, "prnt": false}
{"event": "training_step", "timestamp": 1769728293.9004529, "step": 251, "max_steps": 406, "loss": 6.003583908081055, "elapsed_time": 53.98317623138428, "prnt": false}
{"event": "training_step", "timestamp": 1769728294.0947938, "step": 252, "max_steps": 406, "loss": 5.9650139808654785, "elapsed_time": 54.17715001106262, "prnt": false}
{"event": "training_step", "timestamp": 1769728294.2897882, "step": 253, "max_steps": 406, "loss": 5.9901556968688965, "elapsed_time": 54.371586322784424, "prnt": false}
{"event": "training_step", "timestamp": 1769728294.4847434, "step": 254, "max_steps": 406, "loss": 5.98626184463501, "elapsed_time": 54.566505670547485, "prnt": false}
{"event": "training_step", "timestamp": 1769728294.6790817, "step": 255, "max_steps": 406, "loss": 6.017384052276611, "elapsed_time": 54.761446714401245, "prnt": false}
{"event": "training_step", "timestamp": 1769728294.8741267, "step": 256, "max_steps": 406, "loss": 5.9712233543396, "elapsed_time": 54.95564556121826, "prnt": false}
{"event": "training_step", "timestamp": 1769728295.0694275, "step": 257, "max_steps": 406, "loss": 5.948529243469238, "elapsed_time": 55.15107798576355, "prnt": false}
{"event": "training_step", "timestamp": 1769728295.26396, "step": 258, "max_steps": 406, "loss": 6.012804985046387, "elapsed_time": 55.34630250930786, "prnt": false}
{"event": "training_step", "timestamp": 1769728295.4585953, "step": 259, "max_steps": 406, "loss": 5.950789928436279, "elapsed_time": 55.54054570198059, "prnt": false}
{"event": "training_step", "timestamp": 1769728295.6535692, "step": 260, "max_steps": 406, "loss": 5.913801670074463, "elapsed_time": 55.73524880409241, "prnt": false}
{"event": "training_step", "timestamp": 1769728295.8485014, "step": 261, "max_steps": 406, "loss": 5.964298725128174, "elapsed_time": 55.93017840385437, "prnt": false}
{"event": "training_step", "timestamp": 1769728296.0434532, "step": 262, "max_steps": 406, "loss": 5.9364519119262695, "elapsed_time": 56.12541055679321, "prnt": false}
{"event": "training_step", "timestamp": 1769728296.2379458, "step": 263, "max_steps": 406, "loss": 5.953459739685059, "elapsed_time": 56.3201630115509, "prnt": false}
{"event": "training_step", "timestamp": 1769728296.4329722, "step": 264, "max_steps": 406, "loss": 5.964817523956299, "elapsed_time": 56.514543533325195, "prnt": false}
{"event": "training_step", "timestamp": 1769728296.6278453, "step": 265, "max_steps": 406, "loss": 5.9089741706848145, "elapsed_time": 56.70948243141174, "prnt": false}
{"event": "training_step", "timestamp": 1769728296.8224487, "step": 266, "max_steps": 406, "loss": 5.893594741821289, "elapsed_time": 56.90435600280762, "prnt": false}
{"event": "validation_step", "timestamp": 1769728297.2134337, "step": 266, "max_steps": 406, "loss": 1.1563999761655224, "elapsed_time": 56.90435600280762}
{"event": "training_step", "timestamp": 1769728297.4089394, "step": 267, "max_steps": 406, "loss": 5.9411139488220215, "elapsed_time": 57.49065017700195, "prnt": false}
{"event": "training_step", "timestamp": 1769728297.6039057, "step": 268, "max_steps": 406, "loss": 5.927585124969482, "elapsed_time": 57.68559432029724, "prnt": false}
{"event": "training_step", "timestamp": 1769728297.7986913, "step": 269, "max_steps": 406, "loss": 5.95736026763916, "elapsed_time": 57.88066077232361, "prnt": false}
{"event": "training_step", "timestamp": 1769728297.9938395, "step": 270, "max_steps": 406, "loss": 5.947727680206299, "elapsed_time": 58.07543683052063, "prnt": false}
{"event": "training_step", "timestamp": 1769728298.189087, "step": 271, "max_steps": 406, "loss": 5.8519392013549805, "elapsed_time": 58.27061462402344, "prnt": false}
{"event": "training_step", "timestamp": 1769728298.3841083, "step": 272, "max_steps": 406, "loss": 5.941948890686035, "elapsed_time": 58.46566700935364, "prnt": false}
{"event": "training_step", "timestamp": 1769728298.5786207, "step": 273, "max_steps": 406, "loss": 5.996346473693848, "elapsed_time": 58.660688161849976, "prnt": false}
{"event": "training_step", "timestamp": 1769728298.773672, "step": 274, "max_steps": 406, "loss": 5.9641242027282715, "elapsed_time": 58.85523724555969, "prnt": false}
{"event": "training_step", "timestamp": 1769728298.968845, "step": 275, "max_steps": 406, "loss": 5.944725036621094, "elapsed_time": 59.050328493118286, "prnt": false}
{"event": "training_step", "timestamp": 1769728299.1640048, "step": 276, "max_steps": 406, "loss": 5.951888561248779, "elapsed_time": 59.245959997177124, "prnt": false}
{"event": "training_step", "timestamp": 1769728299.3583934, "step": 277, "max_steps": 406, "loss": 5.9241943359375, "elapsed_time": 59.44061541557312, "prnt": false}
{"event": "training_step", "timestamp": 1769728299.553111, "step": 278, "max_steps": 406, "loss": 5.915163040161133, "elapsed_time": 59.63503646850586, "prnt": false}
{"event": "training_step", "timestamp": 1769728299.748349, "step": 279, "max_steps": 406, "loss": 5.943309783935547, "elapsed_time": 59.82977795600891, "prnt": false}
{"event": "training_step", "timestamp": 1769728299.9431808, "step": 280, "max_steps": 406, "loss": 5.948616981506348, "elapsed_time": 60.02507495880127, "prnt": false}
{"event": "training_step", "timestamp": 1769728300.1378224, "step": 281, "max_steps": 406, "loss": 5.929550647735596, "elapsed_time": 60.21973133087158, "prnt": false}
{"event": "training_step", "timestamp": 1769728300.3330116, "step": 282, "max_steps": 406, "loss": 5.907373428344727, "elapsed_time": 60.414462089538574, "prnt": false}
{"event": "training_step", "timestamp": 1769728300.527716, "step": 283, "max_steps": 406, "loss": 5.92929744720459, "elapsed_time": 60.60964059829712, "prnt": false}
{"event": "training_step", "timestamp": 1769728300.722914, "step": 284, "max_steps": 406, "loss": 5.824379920959473, "elapsed_time": 60.804420709609985, "prnt": false}
{"event": "training_step", "timestamp": 1769728300.917919, "step": 285, "max_steps": 406, "loss": 5.954014778137207, "elapsed_time": 60.99986410140991, "prnt": false}
{"event": "validation_step", "timestamp": 1769728301.309129, "step": 285, "max_steps": 406, "loss": 1.1540041365825717, "elapsed_time": 60.99986410140991}
{"event": "training_step", "timestamp": 1769728301.5049021, "step": 286, "max_steps": 406, "loss": 5.917629718780518, "elapsed_time": 61.58642029762268, "prnt": false}
{"event": "training_step", "timestamp": 1769728301.6997404, "step": 287, "max_steps": 406, "loss": 5.933182716369629, "elapsed_time": 61.78205609321594, "prnt": false}
{"event": "training_step", "timestamp": 1769728301.8948152, "step": 288, "max_steps": 406, "loss": 5.870410919189453, "elapsed_time": 61.97646427154541, "prnt": false}
{"event": "training_step", "timestamp": 1769728302.090144, "step": 289, "max_steps": 406, "loss": 5.924691200256348, "elapsed_time": 62.17155694961548, "prnt": false}
{"event": "training_step", "timestamp": 1769728302.285674, "step": 290, "max_steps": 406, "loss": 5.905961513519287, "elapsed_time": 62.36699032783508, "prnt": false}
{"event": "training_step", "timestamp": 1769728302.4807281, "step": 291, "max_steps": 406, "loss": 5.926878929138184, "elapsed_time": 62.56242847442627, "prnt": false}
{"event": "training_step", "timestamp": 1769728302.6755054, "step": 292, "max_steps": 406, "loss": 5.90667724609375, "elapsed_time": 62.75740146636963, "prnt": false}
{"event": "training_step", "timestamp": 1769728302.8705757, "step": 293, "max_steps": 406, "loss": 5.860589027404785, "elapsed_time": 62.95218253135681, "prnt": false}
{"event": "training_step", "timestamp": 1769728303.0658252, "step": 294, "max_steps": 406, "loss": 5.928012847900391, "elapsed_time": 63.147300481796265, "prnt": false}
{"event": "training_step", "timestamp": 1769728303.2608109, "step": 295, "max_steps": 406, "loss": 5.902520656585693, "elapsed_time": 63.34323573112488, "prnt": false}
{"event": "training_step", "timestamp": 1769728303.4555545, "step": 296, "max_steps": 406, "loss": 5.86958122253418, "elapsed_time": 63.537505865097046, "prnt": false}
{"event": "training_step", "timestamp": 1769728303.6508315, "step": 297, "max_steps": 406, "loss": 5.89781379699707, "elapsed_time": 63.73214340209961, "prnt": false}
{"event": "training_step", "timestamp": 1769728303.8463676, "step": 298, "max_steps": 406, "loss": 5.862240791320801, "elapsed_time": 63.927958965301514, "prnt": false}
{"event": "training_step", "timestamp": 1769728304.0412326, "step": 299, "max_steps": 406, "loss": 5.859178066253662, "elapsed_time": 64.12297892570496, "prnt": false}
{"event": "training_step", "timestamp": 1769728304.236223, "step": 300, "max_steps": 406, "loss": 5.8765153884887695, "elapsed_time": 64.3179132938385, "prnt": false}
{"event": "training_step", "timestamp": 1769728304.4307587, "step": 301, "max_steps": 406, "loss": 5.942422389984131, "elapsed_time": 64.51278877258301, "prnt": false}
{"event": "training_step", "timestamp": 1769728304.6260934, "step": 302, "max_steps": 406, "loss": 5.901568412780762, "elapsed_time": 64.70730638504028, "prnt": false}
{"event": "training_step", "timestamp": 1769728304.821225, "step": 303, "max_steps": 406, "loss": 5.881070613861084, "elapsed_time": 64.90261340141296, "prnt": false}
{"event": "training_step", "timestamp": 1769728305.0160158, "step": 304, "max_steps": 406, "loss": 5.897030830383301, "elapsed_time": 65.09783124923706, "prnt": false}
{"event": "validation_step", "timestamp": 1769728305.407307, "step": 304, "max_steps": 406, "loss": 1.151865156266991, "elapsed_time": 65.09783124923706}
{"event": "training_step", "timestamp": 1769728305.6029656, "step": 305, "max_steps": 406, "loss": 5.927812576293945, "elapsed_time": 65.68442344665527, "prnt": false}
{"event": "training_step", "timestamp": 1769728305.7981226, "step": 306, "max_steps": 406, "loss": 5.893502235412598, "elapsed_time": 65.8796820640564, "prnt": false}
{"event": "training_step", "timestamp": 1769728305.9933524, "step": 307, "max_steps": 406, "loss": 5.880658149719238, "elapsed_time": 66.07470393180847, "prnt": false}
{"event": "training_step", "timestamp": 1769728306.1887326, "step": 308, "max_steps": 406, "loss": 5.912238121032715, "elapsed_time": 66.26997256278992, "prnt": false}
{"event": "training_step", "timestamp": 1769728306.3837895, "step": 309, "max_steps": 406, "loss": 5.869330883026123, "elapsed_time": 66.46547627449036, "prnt": false}
{"event": "training_step", "timestamp": 1769728306.5787697, "step": 310, "max_steps": 406, "loss": 5.844834327697754, "elapsed_time": 66.66034078598022, "prnt": false}
{"event": "training_step", "timestamp": 1769728306.7734761, "step": 311, "max_steps": 406, "loss": 5.868203639984131, "elapsed_time": 66.85554432868958, "prnt": false}
{"event": "training_step", "timestamp": 1769728306.968507, "step": 312, "max_steps": 406, "loss": 5.849549770355225, "elapsed_time": 67.05004501342773, "prnt": false}
{"event": "training_step", "timestamp": 1769728307.1636555, "step": 313, "max_steps": 406, "loss": 5.8877739906311035, "elapsed_time": 67.24526524543762, "prnt": false}
{"event": "training_step", "timestamp": 1769728307.359075, "step": 314, "max_steps": 406, "loss": 5.861863613128662, "elapsed_time": 67.44110107421875, "prnt": false}
{"event": "training_step", "timestamp": 1769728307.5539296, "step": 315, "max_steps": 406, "loss": 5.865838527679443, "elapsed_time": 67.63579869270325, "prnt": false}
{"event": "training_step", "timestamp": 1769728307.749369, "step": 316, "max_steps": 406, "loss": 5.83929443359375, "elapsed_time": 67.83057451248169, "prnt": false}
{"event": "training_step", "timestamp": 1769728307.9448361, "step": 317, "max_steps": 406, "loss": 5.849329471588135, "elapsed_time": 68.02607083320618, "prnt": false}
{"event": "training_step", "timestamp": 1769728308.1400464, "step": 318, "max_steps": 406, "loss": 5.8364386558532715, "elapsed_time": 68.2213819026947, "prnt": false}
{"event": "training_step", "timestamp": 1769728308.3351257, "step": 319, "max_steps": 406, "loss": 5.819239139556885, "elapsed_time": 68.4166898727417, "prnt": false}
{"event": "training_step", "timestamp": 1769728308.5304768, "step": 320, "max_steps": 406, "loss": 5.8995442390441895, "elapsed_time": 68.61163282394409, "prnt": false}
{"event": "training_step", "timestamp": 1769728308.7262287, "step": 321, "max_steps": 406, "loss": 5.855575084686279, "elapsed_time": 68.80783867835999, "prnt": false}
{"event": "training_step", "timestamp": 1769728308.9218793, "step": 322, "max_steps": 406, "loss": 5.896096229553223, "elapsed_time": 69.00292110443115, "prnt": false}
{"event": "training_step", "timestamp": 1769728309.1166646, "step": 323, "max_steps": 406, "loss": 5.882601737976074, "elapsed_time": 69.19862961769104, "prnt": false}
{"event": "validation_step", "timestamp": 1769728309.5082464, "step": 323, "max_steps": 406, "loss": 1.1504133799539153, "elapsed_time": 69.19862961769104}
{"event": "training_step", "timestamp": 1769728309.7038555, "step": 324, "max_steps": 406, "loss": 5.898252964019775, "elapsed_time": 69.7854392528534, "prnt": false}
{"event": "training_step", "timestamp": 1769728309.8991508, "step": 325, "max_steps": 406, "loss": 5.852728843688965, "elapsed_time": 69.98158669471741, "prnt": false}
{"event": "training_step", "timestamp": 1769728310.0941427, "step": 326, "max_steps": 406, "loss": 5.860832214355469, "elapsed_time": 70.17601466178894, "prnt": false}
{"event": "training_step", "timestamp": 1769728310.2895577, "step": 327, "max_steps": 406, "loss": 5.833594799041748, "elapsed_time": 70.37077498435974, "prnt": false}
{"event": "training_step", "timestamp": 1769728310.4846563, "step": 328, "max_steps": 406, "loss": 5.806723117828369, "elapsed_time": 70.5663833618164, "prnt": false}
{"event": "training_step", "timestamp": 1769728310.6801968, "step": 329, "max_steps": 406, "loss": 5.872817039489746, "elapsed_time": 70.76142501831055, "prnt": false}
{"event": "training_step", "timestamp": 1769728310.8752635, "step": 330, "max_steps": 406, "loss": 5.883996486663818, "elapsed_time": 70.95686197280884, "prnt": false}
{"event": "training_step", "timestamp": 1769728311.0707011, "step": 331, "max_steps": 406, "loss": 5.857558727264404, "elapsed_time": 71.15176057815552, "prnt": false}
{"event": "training_step", "timestamp": 1769728311.2665136, "step": 332, "max_steps": 406, "loss": 5.854943752288818, "elapsed_time": 71.34810066223145, "prnt": false}
{"event": "training_step", "timestamp": 1769728311.4617946, "step": 333, "max_steps": 406, "loss": 5.911609172821045, "elapsed_time": 71.54319858551025, "prnt": false}
{"event": "training_step", "timestamp": 1769728311.6570113, "step": 334, "max_steps": 406, "loss": 5.844837665557861, "elapsed_time": 71.73831486701965, "prnt": false}
{"event": "training_step", "timestamp": 1769728311.8520167, "step": 335, "max_steps": 406, "loss": 5.836575984954834, "elapsed_time": 71.93358087539673, "prnt": false}
{"event": "training_step", "timestamp": 1769728312.0477614, "step": 336, "max_steps": 406, "loss": 5.870340824127197, "elapsed_time": 72.12876272201538, "prnt": false}
{"event": "training_step", "timestamp": 1769728312.2433567, "step": 337, "max_steps": 406, "loss": 5.8202996253967285, "elapsed_time": 72.32458424568176, "prnt": false}
{"event": "training_step", "timestamp": 1769728312.4383802, "step": 338, "max_steps": 406, "loss": 5.872609615325928, "elapsed_time": 72.52008533477783, "prnt": false}
{"event": "training_step", "timestamp": 1769728312.6333592, "step": 339, "max_steps": 406, "loss": 5.842761516571045, "elapsed_time": 72.71494603157043, "prnt": false}
{"event": "training_step", "timestamp": 1769728312.8288953, "step": 340, "max_steps": 406, "loss": 5.871644020080566, "elapsed_time": 72.90988302230835, "prnt": false}
{"event": "training_step", "timestamp": 1769728313.0244098, "step": 341, "max_steps": 406, "loss": 5.8615803718566895, "elapsed_time": 73.10544419288635, "prnt": false}
{"event": "training_step", "timestamp": 1769728313.2197068, "step": 342, "max_steps": 406, "loss": 5.883230209350586, "elapsed_time": 73.30109238624573, "prnt": false}
{"event": "validation_step", "timestamp": 1769728313.611652, "step": 342, "max_steps": 406, "loss": 1.148982329910418, "elapsed_time": 73.30109238624573}
{"event": "training_step", "timestamp": 1769728313.807595, "step": 343, "max_steps": 406, "loss": 5.848037242889404, "elapsed_time": 73.88907504081726, "prnt": false}
{"event": "training_step", "timestamp": 1769728314.0034466, "step": 344, "max_steps": 406, "loss": 5.862279891967773, "elapsed_time": 74.08439517021179, "prnt": false}
{"event": "training_step", "timestamp": 1769728314.1988263, "step": 345, "max_steps": 406, "loss": 5.804439067840576, "elapsed_time": 74.27996683120728, "prnt": false}
{"event": "training_step", "timestamp": 1769728314.394056, "step": 346, "max_steps": 406, "loss": 5.868608474731445, "elapsed_time": 74.47551155090332, "prnt": false}
{"event": "training_step", "timestamp": 1769728314.5894158, "step": 347, "max_steps": 406, "loss": 5.852248668670654, "elapsed_time": 74.67062520980835, "prnt": false}
{"event": "training_step", "timestamp": 1769728314.785198, "step": 348, "max_steps": 406, "loss": 5.824615955352783, "elapsed_time": 74.86596035957336, "prnt": false}
{"event": "training_step", "timestamp": 1769728314.980667, "step": 349, "max_steps": 406, "loss": 5.85481595993042, "elapsed_time": 75.06201410293579, "prnt": false}
{"event": "training_step", "timestamp": 1769728315.1756892, "step": 350, "max_steps": 406, "loss": 5.897380828857422, "elapsed_time": 75.25731539726257, "prnt": false}
{"event": "training_step", "timestamp": 1769728315.3710632, "step": 351, "max_steps": 406, "loss": 5.837873458862305, "elapsed_time": 75.45318388938904, "prnt": false}
{"event": "training_step", "timestamp": 1769728315.5661016, "step": 352, "max_steps": 406, "loss": 5.880686283111572, "elapsed_time": 75.64777374267578, "prnt": false}
{"event": "training_step", "timestamp": 1769728315.761507, "step": 353, "max_steps": 406, "loss": 5.832846164703369, "elapsed_time": 75.84269165992737, "prnt": false}
{"event": "training_step", "timestamp": 1769728315.9568245, "step": 354, "max_steps": 406, "loss": 5.8540544509887695, "elapsed_time": 76.03815627098083, "prnt": false}
{"event": "training_step", "timestamp": 1769728316.151896, "step": 355, "max_steps": 406, "loss": 5.798046112060547, "elapsed_time": 76.23355984687805, "prnt": false}
{"event": "training_step", "timestamp": 1769728316.347409, "step": 356, "max_steps": 406, "loss": 5.8254313468933105, "elapsed_time": 76.42849135398865, "prnt": false}
{"event": "training_step", "timestamp": 1769728316.5423143, "step": 357, "max_steps": 406, "loss": 5.818428039550781, "elapsed_time": 76.62405967712402, "prnt": false}
{"event": "training_step", "timestamp": 1769728316.737649, "step": 358, "max_steps": 406, "loss": 5.829768657684326, "elapsed_time": 76.818843126297, "prnt": false}
{"event": "training_step", "timestamp": 1769728316.9325674, "step": 359, "max_steps": 406, "loss": 5.821856498718262, "elapsed_time": 77.01414728164673, "prnt": false}
{"event": "training_step", "timestamp": 1769728317.1284614, "step": 360, "max_steps": 406, "loss": 5.8173441886901855, "elapsed_time": 77.20947670936584, "prnt": false}
{"event": "training_step", "timestamp": 1769728317.324474, "step": 361, "max_steps": 406, "loss": 5.852176666259766, "elapsed_time": 77.40587615966797, "prnt": false}
{"event": "validation_step", "timestamp": 1769728317.7166817, "step": 361, "max_steps": 406, "loss": 1.1485097856115687, "elapsed_time": 77.40587615966797}
{"event": "training_step", "timestamp": 1769728317.911998, "step": 362, "max_steps": 406, "loss": 5.842574119567871, "elapsed_time": 77.99346661567688, "prnt": false}
{"event": "training_step", "timestamp": 1769728318.1077328, "step": 363, "max_steps": 406, "loss": 5.826668739318848, "elapsed_time": 78.18923902511597, "prnt": false}
{"event": "training_step", "timestamp": 1769728318.3036292, "step": 364, "max_steps": 406, "loss": 5.810657024383545, "elapsed_time": 78.38457179069519, "prnt": false}
{"event": "training_step", "timestamp": 1769728318.4991767, "step": 365, "max_steps": 406, "loss": 5.844609260559082, "elapsed_time": 78.58033537864685, "prnt": false}
{"event": "training_step", "timestamp": 1769728318.6945875, "step": 366, "max_steps": 406, "loss": 5.830256462097168, "elapsed_time": 78.77573752403259, "prnt": false}
{"event": "training_step", "timestamp": 1769728318.8899276, "step": 367, "max_steps": 406, "loss": 5.82094144821167, "elapsed_time": 78.97112798690796, "prnt": false}
{"event": "training_step", "timestamp": 1769728319.0858543, "step": 368, "max_steps": 406, "loss": 5.841058254241943, "elapsed_time": 79.16663718223572, "prnt": false}
{"event": "training_step", "timestamp": 1769728319.281579, "step": 369, "max_steps": 406, "loss": 5.851332664489746, "elapsed_time": 79.36267852783203, "prnt": false}
{"event": "training_step", "timestamp": 1769728319.4774084, "step": 370, "max_steps": 406, "loss": 5.858750820159912, "elapsed_time": 79.55872368812561, "prnt": false}
{"event": "training_step", "timestamp": 1769728319.6725068, "step": 371, "max_steps": 406, "loss": 5.804252624511719, "elapsed_time": 79.7540693283081, "prnt": false}
{"event": "training_step", "timestamp": 1769728319.8683329, "step": 372, "max_steps": 406, "loss": 5.795169830322266, "elapsed_time": 79.94940972328186, "prnt": false}
{"event": "training_step", "timestamp": 1769728320.064419, "step": 373, "max_steps": 406, "loss": 5.840245246887207, "elapsed_time": 80.14492392539978, "prnt": false}
{"event": "training_step", "timestamp": 1769728320.260022, "step": 374, "max_steps": 406, "loss": 5.867969989776611, "elapsed_time": 80.3412926197052, "prnt": false}
{"event": "training_step", "timestamp": 1769728320.455298, "step": 375, "max_steps": 406, "loss": 5.816012859344482, "elapsed_time": 80.53656911849976, "prnt": false}
{"event": "training_step", "timestamp": 1769728320.6503353, "step": 376, "max_steps": 406, "loss": 5.8398003578186035, "elapsed_time": 80.73186254501343, "prnt": false}
{"event": "training_step", "timestamp": 1769728320.8460457, "step": 377, "max_steps": 406, "loss": 5.885679244995117, "elapsed_time": 80.92719769477844, "prnt": false}
{"event": "training_step", "timestamp": 1769728321.0419524, "step": 378, "max_steps": 406, "loss": 5.8386406898498535, "elapsed_time": 81.12271666526794, "prnt": false}
{"event": "training_step", "timestamp": 1769728321.237429, "step": 379, "max_steps": 406, "loss": 5.806771755218506, "elapsed_time": 81.31867289543152, "prnt": false}
{"event": "training_step", "timestamp": 1769728321.43317, "step": 380, "max_steps": 406, "loss": 5.77714729309082, "elapsed_time": 81.51520681381226, "prnt": false}
{"event": "validation_step", "timestamp": 1769728321.8256354, "step": 380, "max_steps": 406, "loss": 1.1478768507460169, "elapsed_time": 81.51520681381226}
{"event": "training_step", "timestamp": 1769728322.0221498, "step": 381, "max_steps": 406, "loss": 5.824558258056641, "elapsed_time": 82.10323739051819, "prnt": false}
{"event": "training_step", "timestamp": 1769728322.2179327, "step": 382, "max_steps": 406, "loss": 5.844644069671631, "elapsed_time": 82.29959297180176, "prnt": false}
{"event": "training_step", "timestamp": 1769728322.4134684, "step": 383, "max_steps": 406, "loss": 5.827861785888672, "elapsed_time": 82.49527788162231, "prnt": false}
{"event": "training_step", "timestamp": 1769728322.6090937, "step": 384, "max_steps": 406, "loss": 5.856269359588623, "elapsed_time": 82.69101428985596, "prnt": false}
{"event": "training_step", "timestamp": 1769728322.8050396, "step": 385, "max_steps": 406, "loss": 5.811417579650879, "elapsed_time": 82.8866765499115, "prnt": false}
{"event": "training_step", "timestamp": 1769728323.0011315, "step": 386, "max_steps": 406, "loss": 5.774845123291016, "elapsed_time": 83.08270502090454, "prnt": false}
{"event": "training_step", "timestamp": 1769728323.197167, "step": 387, "max_steps": 406, "loss": 5.81583309173584, "elapsed_time": 83.27857089042664, "prnt": false}
{"event": "training_step", "timestamp": 1769728323.392802, "step": 388, "max_steps": 406, "loss": 5.837947845458984, "elapsed_time": 83.47472524642944, "prnt": false}
{"event": "training_step", "timestamp": 1769728323.5883362, "step": 389, "max_steps": 406, "loss": 5.849501609802246, "elapsed_time": 83.67031764984131, "prnt": false}
{"event": "training_step", "timestamp": 1769728323.784439, "step": 390, "max_steps": 406, "loss": 5.8340325355529785, "elapsed_time": 83.86596345901489, "prnt": false}
{"event": "training_step", "timestamp": 1769728323.980459, "step": 391, "max_steps": 406, "loss": 5.866600036621094, "elapsed_time": 84.0618987083435, "prnt": false}
{"event": "training_step", "timestamp": 1769728324.1765938, "step": 392, "max_steps": 406, "loss": 5.823882579803467, "elapsed_time": 84.25793480873108, "prnt": false}
{"event": "training_step", "timestamp": 1769728324.3728735, "step": 393, "max_steps": 406, "loss": 5.830135822296143, "elapsed_time": 84.45715308189392, "prnt": false}
{"event": "training_step", "timestamp": 1769728324.5686548, "step": 394, "max_steps": 406, "loss": 5.8649516105651855, "elapsed_time": 84.650395154953, "prnt": false}
{"event": "training_step", "timestamp": 1769728324.764647, "step": 395, "max_steps": 406, "loss": 5.831864833831787, "elapsed_time": 84.84631705284119, "prnt": false}
{"event": "training_step", "timestamp": 1769728324.9607215, "step": 396, "max_steps": 406, "loss": 5.836619853973389, "elapsed_time": 85.04191017150879, "prnt": false}
{"event": "training_step", "timestamp": 1769728325.1565075, "step": 397, "max_steps": 406, "loss": 5.86460542678833, "elapsed_time": 85.2372055053711, "prnt": false}
{"event": "training_step", "timestamp": 1769728325.352045, "step": 398, "max_steps": 406, "loss": 5.816452503204346, "elapsed_time": 85.43423366546631, "prnt": false}
{"event": "training_step", "timestamp": 1769728325.5479872, "step": 399, "max_steps": 406, "loss": 5.805152416229248, "elapsed_time": 85.62938046455383, "prnt": false}
{"event": "validation_step", "timestamp": 1769728325.9404237, "step": 399, "max_steps": 406, "loss": 1.1477753286439332, "elapsed_time": 85.62938046455383}
{"event": "training_step", "timestamp": 1769728326.1367266, "step": 400, "max_steps": 406, "loss": 5.846490859985352, "elapsed_time": 86.21773886680603, "prnt": false}
{"event": "training_step", "timestamp": 1769728326.3324208, "step": 401, "max_steps": 406, "loss": 5.817332744598389, "elapsed_time": 86.4142336845398, "prnt": false}
{"event": "training_step", "timestamp": 1769728326.5283267, "step": 402, "max_steps": 406, "loss": 5.805995464324951, "elapsed_time": 86.60997366905212, "prnt": false}
{"event": "training_step", "timestamp": 1769728326.724062, "step": 403, "max_steps": 406, "loss": 5.825461387634277, "elapsed_time": 86.80489301681519, "prnt": false}
{"event": "training_step", "timestamp": 1769728326.9199927, "step": 404, "max_steps": 406, "loss": 5.845151424407959, "elapsed_time": 87.00052785873413, "prnt": false}
{"event": "training_step", "timestamp": 1769728327.1156013, "step": 405, "max_steps": 406, "loss": 5.82288932800293, "elapsed_time": 87.19680428504944, "prnt": false}
{"event": "training_step", "timestamp": 1769728327.310773, "step": 406, "max_steps": 406, "loss": 5.886260032653809, "elapsed_time": 87.39233040809631, "prnt": false}
{"event": "validation_step", "timestamp": 1769728327.7029219, "step": 406, "max_steps": 406, "loss": 1.1477757387750624, "elapsed_time": 87.39233040809631}
